Component: ARM Compiler 5.06 update 3 (build 300) Tool: armlink [4d35c9]

==============================================================================

Section Cross References

    main.o(.text) refers to _printf_percent.o(.ARM.Collect$$_printf_percent$$00000000) for _printf_percent
    main.o(.text) refers to _printf_f.o(.ARM.Collect$$_printf_percent$$00000003) for _printf_f
    main.o(.text) refers to printf1.o(x$fpl$printf1) for _printf_fp_dec
    main.o(.text) refers to sys.o(.text) for MY_NVIC_PriorityGroupConfig
    main.o(.text) refers to delay.o(.text) for delay_init
    main.o(.text) refers to usart.o(.text) for uart_init
    main.o(.text) refers to ioi2c.o(.text) for IIC_Init
    main.o(.text) refers to mpu6050.o(.text) for MPU6050_initialize
    main.o(.text) refers to f2d.o(x$fpl$f2d) for __aeabi_f2d
    main.o(.text) refers to noretval__2printf.o(.text) for __2printf
    main.o(.text) refers to mpu6050.o(.data) for Roll
    system_stm32f10x.o(.text) refers to system_stm32f10x.o(.data) for SystemCoreClock
    startup_stm32f10x_hd.o(STACK) refers (Special) to heapauxi.o(.text) for __use_two_region_memory
    startup_stm32f10x_hd.o(HEAP) refers (Special) to heapauxi.o(.text) for __use_two_region_memory
    startup_stm32f10x_hd.o(RESET) refers (Special) to heapauxi.o(.text) for __use_two_region_memory
    startup_stm32f10x_hd.o(RESET) refers to startup_stm32f10x_hd.o(STACK) for __initial_sp
    startup_stm32f10x_hd.o(RESET) refers to startup_stm32f10x_hd.o(.text) for Reset_Handler
    startup_stm32f10x_hd.o(RESET) refers to stm32f10x_it.o(.text) for NMI_Handler
    startup_stm32f10x_hd.o(.text) refers (Special) to heapauxi.o(.text) for __use_two_region_memory
    startup_stm32f10x_hd.o(.text) refers to system_stm32f10x.o(.text) for SystemInit
    startup_stm32f10x_hd.o(.text) refers to __main.o(!!!main) for __main
    startup_stm32f10x_hd.o(.text) refers to startup_stm32f10x_hd.o(HEAP) for Heap_Mem
    startup_stm32f10x_hd.o(.text) refers to startup_stm32f10x_hd.o(STACK) for Stack_Mem
    stm32f10x_gpio.o(.text) refers to stm32f10x_rcc.o(.text) for RCC_APB2PeriphResetCmd
    stm32f10x_rcc.o(.text) refers to stm32f10x_rcc.o(.data) for APBAHBPrescTable
    stm32f10x_i2c.o(.text) refers to stm32f10x_rcc.o(.text) for RCC_APB1PeriphResetCmd
    stm32f10x_usart.o(.text) refers to stm32f10x_rcc.o(.text) for RCC_APB2PeriphResetCmd
    delay.o(.text) refers to delay.o(.data) for fac_us
    inv_mpu.o(.text) refers to _printf_percent.o(.ARM.Collect$$_printf_percent$$00000000) for _printf_percent
    inv_mpu.o(.text) refers to _printf_d.o(.ARM.Collect$$_printf_percent$$00000009) for _printf_d
    inv_mpu.o(.text) refers to _printf_dec.o(.text) for _printf_int_dec
    inv_mpu.o(.text) refers to ioi2c.o(.text) for i2cWrite
    inv_mpu.o(.text) refers to delay.o(.text) for delay_ms
    inv_mpu.o(.text) refers to inv_mpu.o(.data) for st
    inv_mpu.o(.text) refers to noretval__2printf.o(.text) for __2printf
    inv_mpu.o(.text) refers to fflt_clz.o(x$fpl$ffltu) for __aeabi_ui2f
    inv_mpu.o(.text) refers to fflt_clz.o(x$fpl$fflt) for __aeabi_i2f
    inv_mpu.o(.text) refers to faddsub_clz.o(x$fpl$fsub) for __aeabi_fsub
    inv_mpu.o(.text) refers to fdiv.o(x$fpl$fdiv) for __aeabi_fdiv
    inv_mpu.o(.text) refers to faddsub_clz.o(x$fpl$fadd) for __aeabi_fadd
    inv_mpu.o(.text) refers to fmul.o(x$fpl$fmul) for __aeabi_fmul
    inv_mpu.o(.text) refers to ffix.o(x$fpl$ffix) for __aeabi_f2iz
    inv_mpu.o(.text) refers to inv_mpu.o(.conststring) for .conststring
    inv_mpu.o(.text) refers to feqf.o(x$fpl$feqf) for __aeabi_cfcmpeq
    inv_mpu.o(.text) refers to frleqf.o(x$fpl$frleqf) for __aeabi_cfrcmple
    inv_mpu.o(.text) refers to fleqf.o(x$fpl$fleqf) for __aeabi_cfcmple
    inv_mpu.o(.text) refers to inv_mpu.o(.constdata) for test
    inv_mpu.o(.text) refers to llsdiv.o(.text) for __aeabi_ldivmod
    inv_mpu.o(.text) refers to memcmp.o(.text) for memcmp
    inv_mpu.o(.data) refers to inv_mpu.o(.constdata) for reg
    inv_mpu_dmp_motion_driver.o(.text) refers to inv_mpu.o(.text) for mpu_load_firmware
    inv_mpu_dmp_motion_driver.o(.text) refers to inv_mpu_dmp_motion_driver.o(.constdata) for dmp_memory
    inv_mpu_dmp_motion_driver.o(.text) refers to inv_mpu_dmp_motion_driver.o(.bss) for dmp
    inv_mpu_dmp_motion_driver.o(.text) refers to fflt_clz.o(x$fpl$ffltu) for __aeabi_ui2f
    inv_mpu_dmp_motion_driver.o(.text) refers to fdiv.o(x$fpl$fdiv) for __aeabi_fdiv
    inv_mpu_dmp_motion_driver.o(.text) refers to fmul.o(x$fpl$fmul) for __aeabi_fmul
    inv_mpu_dmp_motion_driver.o(.text) refers to ffixu.o(x$fpl$ffixu) for __aeabi_f2uiz
    inv_mpu_dmp_motion_driver.o(.text) refers to aeabi_memset.o(.text) for __aeabi_memset
    ioi2c.o(.text) refers to stm32f10x_rcc.o(.text) for RCC_APB2PeriphClockCmd
    ioi2c.o(.text) refers to stm32f10x_gpio.o(.text) for GPIO_Init
    ioi2c.o(.text) refers to delay.o(.text) for delay_us
    mpu6050.o(.text) refers to inv_mpu.o(.text) for mpu_run_self_test
[...]
    .ARM.Collect$$libinit$$00000011          0x080001bc   Section        0  libinit2.o(.ARM.Collect$$libinit$$00000011)
    .ARM.Collect$$libinit$$00000013          0x080001bc   Section        0  libinit2.o(.ARM.Collect$$libinit$$00000013)
    .ARM.Collect$$libinit$$00000015          0x080001bc   Section        0  libinit2.o(.ARM.Collect$$libinit$$00000015)
    .ARM.Collect$$libinit$$00000016          0x080001bc   Section       10  libinit2.o(.ARM.Collect$$libinit$$00000016)
    .ARM.Collect$$libinit$$00000017          0x080001c6   Section        0  libinit2.o(.ARM.Collect$$libinit$$00000017)
    .ARM.Collect$$libinit$$00000019          0x080001c6   Section        0  libinit2.o(.ARM.Collect$$libinit$$00000019)
    .ARM.Collect$$libinit$$0000001B          0x080001c6   Section        0  libinit2.o(.ARM.Collect$$libinit$$0000001B)
    .ARM.Collect$$libinit$$0000001D          0x080001c6   Section        0  libinit2.o(.ARM.Collect$$libinit$$0000001D)
    .ARM.Collect$$libinit$$0000001F          0x080001c6   Section        0  libinit2.o(.ARM.Collect$$libinit$$0000001F)
    .ARM.Collect$$libinit$$00000021          0x080001c6   Section        0  libinit2.o(.ARM.Collect$$libinit$$00000021)
    .ARM.Collect$$libinit$$00000023          0x080001c6   Section        0  libinit2.o(.ARM.Collect$$libinit$$00000023)
    .ARM.Collect$$libinit$$00000025          0x080001c6   Section        0  libinit2.o(.ARM.Collect$$libinit$$00000025)
    .ARM.Collect$$libinit$$0000002C          0x080001c6   Section        0  libinit2.o(.ARM.Collect$$libinit$$0000002C)
    .ARM.Collect$$libinit$$0000002E          0x080001c6   Section        0  libinit2.o(.ARM.Collect$$libinit$$0000002E)
    .ARM.Collect$$libinit$$00000030          0x080001c6   Section        0  libinit2.o(.ARM.Collect$$libinit$$00000030)
    .ARM.Collect$$libinit$$00000032          0x080001c6   Section        0  libinit2.o(.ARM.Collect$$libinit$$00000032)
    .ARM.Collect$$libinit$$00000033          0x080001c6   Section        2  libinit2.o(.ARM.Collect$$libinit$$00000033)
    .ARM.Collect$$libshutdown$$00000000      0x080001c8   Section        2  libshutdown.o(.ARM.Collect$$libshutdown$$00000000)
    .ARM.Collect$$libshutdown$$00000002      0x080001ca   Section        0  libshutdown2.o(.ARM.Collect$$libshutdown$$00000002)
    .ARM.Collect$$libshutdown$$00000004      0x080001ca   Section        0  libshutdown2.o(.ARM.Collect$$libshutdown$$00000004)
    .ARM.Collect$$libshutdown$$00000007      0x080001ca   Section        0  libshutdown2.o(.ARM.Collect$$libshutdown$$00000007)
    .ARM.Collect$$libshutdown$$0000000A      0x080001ca   Section        0  libshutdown2.o(.ARM.Collect$$libshutdown$$0000000A)
    .ARM.Collect$$libshutdown$$0000000C      0x080001ca   Section        0  libshutdown2.o(.ARM.Collect$$libshutdown$$0000000C)
    .ARM.Collect$$libshutdown$$0000000F      0x080001ca   Section        0  libshutdown2.o(.ARM.Collect$$libshutdown$$0000000F)
    .ARM.Collect$$libshutdown$$00000010      0x080001ca   Section        2  libshutdown2.o(.ARM.Collect$$libshutdown$$00000010)
    .ARM.Collect$$rtentry$$00000000          0x080001cc   Section        0  __rtentry.o(.ARM.Collect$$rtentry$$00000000)
    .ARM.Collect$$rtentry$$00000002          0x080001cc   Section        0  __rtentry2.o(.ARM.Collect$$rtentry$$00000002)
    .ARM.Collect$$rtentry$$00000004          0x080001cc   Section        6  __rtentry4.o(.ARM.Collect$$rtentry$$00000004)
    .ARM.Collect$$rtentry$$00000009          0x080001d2   Section        0  __rtentry2.o(.ARM.Collect$$rtentry$$00000009)
    .ARM.Collect$$rtentry$$0000000A          0x080001d2   Section        4  __rtentry2.o(.ARM.Collect$$rtentry$$0000000A)
    .ARM.Collect$$rtentry$$0000000C          0x080001d6   Section        0  __rtentry2.o(.ARM.Collect$$rtentry$$0000000C)
    .ARM.Collect$$rtentry$$0000000D          0x080001d6   Section        8  __rtentry2.o(.ARM.Collect$$rtentry$$0000000D)
    .ARM.Collect$$rtexit$$00000000           0x080001de   Section        2  rtexit.o(.ARM.Collect$$rtexit$$00000000)
    .ARM.Collect$$rtexit$$00000002           0x080001e0   Section        0  rtexit2.o(.ARM.Collect$$rtexit$$00000002)
    .ARM.Collect$$rtexit$$00000003           0x080001e0   Section        4  rtexit2.o(.ARM.Collect$$rtexit$$00000003)
    .ARM.Collect$$rtexit$$00000004           0x080001e4   Section        6  rtexit2.o(.ARM.Collect$$rtexit$$00000004)
    .emb_text                                0x080001ec   Section       12  sys.o(.emb_text)
    .text                                    0x080001f8   Section        0  main.o(.text)
    .text                                    0x0800028c   Section        0  stm32f10x_it.o(.text)
    .text                                    0x080002a8   Section        0  system_stm32f10x.o(.text)
    SetSysClockTo72                          0x080002a9   Thumb Code   214  system_stm32f10x.o(.text)
    SetSysClock                              0x0800037f   Thumb Code     8  system_stm32f10x.o(.text)
    .text                                    0x08000488   Section       64  startup_stm32f10x_hd.o(.text)
    .text                                    0x080004c8   Section        0  stm32f10x_gpio.o(.text)
    .text                                    0x08000824   Section        0  stm32f10x_rcc.o(.text)
    .text                                    0x08000bc8   Section        0  delay.o(.text)
    .text                                    0x08000c78   Section        0  inv_mpu.o(.text)
    set_int_enable                           0x08000c79   Thumb Code   138  inv_mpu.o(.text)
    get_accel_prod_shift                     0x08001ec1   Thumb Code   168  inv_mpu.o(.text)
    accel_self_test                          0x08001f69   Thumb Code   164  inv_mpu.o(.text)
    gyro_self_test                           0x0800200d   Thumb Code   280  inv_mpu.o(.text)
    get_st_biases                            0x08002125   Thumb Code  1136  inv_mpu.o(.text)
    .text                                    0x08002b08   Section        0  inv_mpu_dmp_motion_driver.o(.text)
    decode_gesture                           0x080035bd   Thumb Code    94  inv_mpu_dmp_motion_driver.o(.text)
    .text                                    0x08003878   Section        0  ioi2c.o(.text)
    .text                                    0x08003d4c   Section        0  mpu6050.o(.text)
    inv_row_2_scale                          0x08003d4d   Thumb Code    78  mpu6050.o(.text)
    inv_orientation_matrix_to_scalar         0x08003d9b   Thumb Code    40  mpu6050.o(.text)
    run_self_test                            0x08003dc3   Thumb Code   150  mpu6050.o(.text)
    .text                                    0x08004600   Section        0  sys.o(.text)
    .text                                    0x080048bc   Section        0  usart.o(.text)
    .text                                    0x080049a0   Section        2  use_no_semi_2.o(.text)
    .text                                    0x080049a2   Section       72  llsdiv.o(.text)
    .text                                    0x080049ec   Section        0  noretval__2printf.o(.text)
    .text                                    0x08004a04   Section        0  _printf_dec.o(.text)
    .text                                    0x08004a7c   Section        0  __printf_wp.o(.text)
    .text                                    0x08004b8a   Section        0  memcmp.o(.text)
    .text                                    0x08004be2   Section       16  aeabi_memset.o(.text)
    .text                                    0x08004bf2   Section        0  heapauxi.o(.text)
    .text                                    0x08004bf8   Section        2  use_no_semi.o(.text)
    .text                                    0x08004bfa   Section      238  lludivv7m.o(.text)
    .text                                    0x08004ce8   Section        0  _rserrno.o(.text)
    .text                                    0x08004cfe   Section        0  _printf_intcommon.o(.text)
    .text                                    0x08004db0   Section        0  _printf_fp_dec.o(.text)
    _fp_digits                               0x08004db3   Thumb Code   428  _printf_fp_dec.o(.text)
    .text                                    0x080051cc   Section        0  _printf_char_file.o(.text)
    .text                                    0x080051f0   Section       68  rt_memclr.o(.text)
    .text                                    0x08005234   Section        8  rt_locale_intlibspace.o(.text)
    .text                                    0x0800523c   Section        8  rt_errno_addr_intlibspace.o(.text)
    .text                                    0x08005244   Section      138  lludiv10.o(.text)
    .text                                    0x080052d0   Section        0  _printf_char_common.o(.text)
    _printf_input_char                       0x080052d1   Thumb Code    10  _printf_char_common.o(.text)
    .text                                    0x08005300   Section        0  _printf_fp_infnan.o(.text)
    .text                                    0x08005380   Section        0  bigflt0.o(.text)
    .text                                    0x0800545c   Section        0  ferror.o(.text)
    .text                                    0x08005464   Section       78  rt_memclr_w.o(.text)
    .text                                    0x080054b4   Section        8  libspace.o(.text)
    .text                                    0x080054bc   Section       74  sys_stackheap_outer.o(.text)
    .text                                    0x08005506   Section        0  exit.o(.text)
    .text                                    0x08005518   Section      128  strcmpv7m.o(.text)
    CL$$btod_d2e                             0x08005598   Section       62  btod.o(CL$$btod_d2e)
    CL$$btod_d2e_denorm_low                  0x080055d6   Section       70  btod.o(CL$$btod_d2e_denorm_low)
    CL$$btod_d2e_norm_op1                    0x0800561c   Section       96  btod.o(CL$$btod_d2e_norm_op1)
    CL$$btod_div_common                      0x0800567c   Section      824  btod.o(CL$$btod_div_common)
    CL$$btod_e2e                             0x080059b4   Section      198  btod.o(CL$$btod_e2e)
    CL$$btod_ediv                            0x08005a7a   Section       40  btod.o(CL$$btod_ediv)
    CL$$btod_emul                            0x08005aa2   Section       40  btod.o(CL$$btod_emul)
    CL$$btod_mult_common                     0x08005aca   Section      580  btod.o(CL$$btod_mult_common)
    i.__ARM_fpclassify                       0x08005d0e   Section        0  fpclassify.o(i.__ARM_fpclassify)
    i.__kernel_poly                          0x08005d36   Section        0  poly.o(i.__kernel_poly)
    i.__mathlib_dbl_infnan                   0x08005de0   Section        0  dunder.o(i.__mathlib_dbl_infnan)
    i.__mathlib_dbl_infnan2                  0x08005de6   Section        0  dunder.o(i.__mathlib_dbl_infnan2)
    i.__mathlib_dbl_invalid                  0x08005dea   Section        0  dunder.o(i.__mathlib_dbl_invalid)
    i.__mathlib_dbl_underflow                0x08005df8   Section        0  dunder.o(i.__mathlib_dbl_underflow)
    i._is_digit                              0x08005e08   Section        0  __printf_wp.o(i._is_digit)
    i.asin                                   0x08005e18   Section        0  asin.o(i.asin)
    i.atan                                   0x08006088   Section        0  atan.o(i.atan)
    i.atan2                                  0x080062a8   Section        0  atan2.o(i.atan2)
    i.sqrt                                   0x08006428   Section        0  sqrt.o(i.sqrt)
    locale$$code                             0x08006474   Section       44  lc_numeric_c.o(locale$$code)
    x$fpl$d2f                                0x080064a0   Section       98  d2f.o(x$fpl$d2f)
    x$fpl$dadd                               0x08006504   Section      336  daddsub_clz.o(x$fpl$dadd)
    _dadd1                                   0x08006515   Thumb Code     0  daddsub_clz.o(x$fpl$dadd)
    x$fpl$dcheck1                            0x08006654   Section       16  dcheck1.o(x$fpl$dcheck1)
    x$fpl$ddiv                               0x08006664   Section      688  ddiv.o(x$fpl$ddiv)
    ddiv_entry                               0x0800666b   Thumb Code     0  ddiv.o(x$fpl$ddiv)
    x$fpl$dmul                               0x08006914   Section      340  dmul.o(x$fpl$dmul)
    x$fpl$dnaninf                            0x08006a68   Section      156  dnaninf.o(x$fpl$dnaninf)
    x$fpl$dretinf                            0x08006b04   Section       12  dretinf.o(x$fpl$dretinf)
    x$fpl$drsb                               0x08006b10   Section       22  daddsub_clz.o(x$fpl$drsb)
    x$fpl$dsqrt                              0x08006b28   Section      460  dsqrt_noumaal.o(x$fpl$dsqrt)
    x$fpl$dsub                               0x08006cf4   Section      468  daddsub_clz.o(x$fpl$dsub)
    _dsub1                                   0x08006d05   Thumb Code     0  daddsub_clz.o(x$fpl$dsub)
    x$fpl$f2d                                0x08006ec8   Section       86  f2d.o(x$fpl$f2d)
    x$fpl$fadd                               0x08006f20   Section      196  faddsub_clz.o(x$fpl$fadd)
    _fadd1                                   0x08006f2f   Thumb Code     0  faddsub_clz.o(x$fpl$fadd)
    x$fpl$fcmpinf                            0x08006fe4   Section       24  fcmpi.o(x$fpl$fcmpinf)
    x$fpl$fdiv                               0x08006ffc   Section      388  fdiv.o(x$fpl$fdiv)
    _fdiv1                                   0x08006ffd   Thumb Code     0  fdiv.o(x$fpl$fdiv)
    x$fpl$feqf                               0x08007180   Section      104  feqf.o(x$fpl$feqf)
    x$fpl$ffix                               0x080071e8   Section       54  ffix.o(x$fpl$ffix)
    x$fpl$ffixu                              0x08007220   Section       62  ffixu.o(x$fpl$ffixu)
    x$fpl$fflt                               0x08007260   Section       48  fflt_clz.o(x$fpl$fflt)
    x$fpl$ffltu                              0x08007290   Section       38  fflt_clz.o(x$fpl$ffltu)
    x$fpl$fleqf                              0x080072b8   Section      104  fleqf.o(x$fpl$fleqf)
    x$fpl$fmul                               0x08007320   Section      258  fmul.o(x$fpl$fmul)
    x$fpl$fnaninf                            0x08007422   Section      140  fnaninf.o(x$fpl$fnaninf)
    x$fpl$fretinf                            0x080074ae   Section       10  fretinf.o(x$fpl$fretinf)
    x$fpl$frleqf                             0x080074b8   Section       98  frleqf.o(x$fpl$frleqf)
    x$fpl$frsb                               0x0800751a   Section       20  faddsub_clz.o(x$fpl$frsb)
    x$fpl$fsub                               0x08007530   Section      234  faddsub_clz.o(x$fpl$fsub)
    _fsub1                                   0x0800753f   Thumb Code     0  faddsub_clz.o(x$fpl$fsub)
    x$fpl$printf1                            0x0800761a   Section        4  printf1.o(x$fpl$printf1)
    x$fpl$retnan                             0x0800761e   Section      100  retnan.o(x$fpl$retnan)
    x$fpl$scalbn                             0x08007682   Section       92  scalbn.o(x$fpl$scalbn)
    x$fpl$trapveneer                         0x080076de   Section       48  trapv.o(x$fpl$trapveneer)
    x$fpl$usenofp                            0x0800770e   Section        0  usenofp.o(x$fpl$usenofp)
    .constdata                               0x08007710   Section       80  inv_mpu.o(.constdata)
    .constdata                               0x08007760   Section     3062  inv_mpu_dmp_motion_driver.o(.constdata)
    dmp_memory                               0x08007760   Data        3062  inv_mpu_dmp_motion_driver.o(.constdata)
    .constdata                               0x08008358   Section       80  asin.o(.constdata)
    pS                                       0x08008358   Data          48  asin.o(.constdata)
    qS                                       0x08008388   Data          32  asin.o(.constdata)
    .constdata                               0x080083a8   Section      152  atan.o(.constdata)
    atanhi                                   0x080083a8   Data          32  atan.o(.constdata)
    atanlo                                   0x080083c8   Data          32  atan.o(.constdata)
    aTodd                                    0x080083e8   Data          40  atan.o(.constdata)
    aTeven                                   0x08008410   Data          48  atan.o(.constdata)
    .constdata                               0x08008440   Section        8  qnan.o(.constdata)
    .constdata                               0x08008448   Section      148  bigflt0.o(.constdata)
    tenpwrs_x                                0x08008448   Data          60  bigflt0.o(.constdata)
    tenpwrs_i                                0x08008484   Data          64  bigflt0.o(.constdata)
    .conststring                             0x080084dc   Section       78  inv_mpu.o(.conststring)
    locale$$data                             0x0800854c   Section       28  lc_numeric_c.o(locale$$data)
    __lcnum_c_name                           0x08008550   Data           2  lc_numeric_c.o(locale$$data)
    __lcnum_c_start                          0x08008558   Data           0  lc_numeric_c.o(locale$$data)
    __lcnum_c_point                          0x08008564   Data           0  lc_numeric_c.o(locale$$data)
    __lcnum_c_thousands                      0x08008566   Data           0  lc_numeric_c.o(locale$$data)
    __lcnum_c_grouping                       0x08008567   Data           0  lc_numeric_c.o(locale$$data)
    __lcnum_c_end                            0x08008568   Data           0  lc_numeric_c.o(locale$$data)
    .data                                    0x20000000   Section       20  system_stm32f10x.o(.data)
    .data                                    0x20000014   Section       20  stm32f10x_rcc.o(.data)
    APBAHBPrescTable                         0x20000014   Data          16  stm32f10x_rcc.o(.data)
    ADCPrescTable                            0x20000024   Data           4  stm32f10x_rcc.o(.data)
    .data                                    0x20000028   Section        4  delay.o(.data)
    fac_us                                   0x20000028   Data           1  delay.o(.data)
    fac_ms                                   0x2000002a   Data           2  delay.o(.data)
    .data                                    0x2000002c   Section       44  inv_mpu.o(.data)
    st                                       0x2000002c   Data          44  inv_mpu.o(.data)
    .data                                    0x20000058   Section       60  mpu6050.o(.data)
    gyro_orientation                         0x20000084   Data           9  mpu6050.o(.data)
    .data                                    0x20000094   Section        4  usart.o(.data)
    .bss                                     0x20000098   Section       16  inv_mpu_dmp_motion_driver.o(.bss)
    dmp                                      0x20000098   Data          16  inv_mpu_dmp_motion_driver.o(.bss)
    .bss                                     0x200000a8   Section      146  mpu6050.o(.bss)
    .bss                                     0x2000013c   Section       96  libspace.o(.bss)
    HEAP                                     0x200001a0   Section      512  startup_stm32f10x_hd.o(HEAP)
    Heap_Mem                                 0x200001a0   Data         512  startup_stm32f10x_hd.o(HEAP)
    STACK                                    0x200003a0   Section     1024  startup_stm32f10x_hd.o(STACK)
    Stack_Mem                                0x200003a0   Data        1024  startup_stm32f10x_hd.o(STACK)
    __initial_sp                             0x200007a0   Data           0  startup_stm32f10x_hd.o(STACK)

    Global Symbols

    Symbol Name                              Value     Ov Type        Size  Object(Section)

    BuildAttributes$$THM_ISAv4$P$D$K$B$S$PE$A:L22UL41UL21$X:L11$S22US41US21$IEEE1$IW$USESV6$~STKCKD$USESV7$~SHL$OTIME$ROPI$IEEEX$EBA8$UX$STANDARDLIB$REQ8$PRES8$EABIv2 0x00000000   Number         0  anon$$obj.o ABSOLUTE
    __ARM_use_no_argv                        0x00000000   Number         0  main.o ABSOLUTE
    _printf_flags                            0x00000000   Number         0  printf_stubs.o ABSOLUTE
    _printf_return_value                     0x00000000   Number         0  printf_stubs.o ABSOLUTE
    _printf_sizespec                         0x00000000   Number         0  printf_stubs.o ABSOLUTE
    _printf_widthprec                        0x00000000   Number         0  printf_stubs.o ABSOLUTE
    __ARM_exceptions_init                     - Undefined Weak Reference
    __alloca_initialize                       - Undefined Weak Reference
    __arm_preinit_                            - Undefined Weak Reference
    __cpp_initialize__aeabi_                  - Undefined Weak Reference
    __cxa_finalize                            - Undefined Weak Reference
    __sigvec_lookup                           - Undefined Weak Reference
    _atexit_init                              - Undefined Weak Reference
    _call_atexit_fns                          - Undefined Weak Reference
    _clock_init                               - Undefined Weak Reference
    _fp_trap_init                             - Undefined Weak Reference
    _fp_trap_shutdown                         - Undefined Weak Reference
    _get_lc_collate                           - Undefined Weak Reference
    _get_lc_ctype                             - Undefined Weak Reference
    _get_lc_monetary                          - Undefined Weak Reference
    _get_lc_time                              - Undefined Weak Reference
    _getenv_init                              - Undefined Weak Reference
    _handle_redirection                       - Undefined Weak Reference
    _init_alloc                               - Undefined Weak Reference
    _init_user_alloc                          - Undefined Weak Reference
    _initio                                   - Undefined Weak Reference
    _mutex_acquire                            - Undefined Weak Reference
    _mutex_release                            - Undefined Weak Reference
    _printf_post_padding                      - Undefined Weak Reference
    _printf_pre_padding                       - Undefined Weak Reference
    _printf_truncate_signed                   - Undefined Weak Reference
    _printf_truncate_unsigned                 - Undefined Weak Reference
    _rand_init                                - Undefined Weak Reference
    _signal_finish                            - Undefined Weak Reference
    _signal_init                              - Undefined Weak Reference
    _terminate_alloc                          - Undefined Weak Reference
    _terminate_user_alloc                     - Undefined Weak Reference
    _terminateio                              - Undefined Weak Reference
    __Vectors_Size                           0x00000130   Number         0  startup_stm32f10x_hd.o ABSOLUTE
    __Vectors                                0x08000000   Data           4  startup_stm32f10x_hd.o(RESET)
    __Vectors_End                            0x08000130   Data           0  startup_stm32f10x_hd.o(RESET)
    __main                                   0x08000131   Thumb Code     8  __main.o(!!!main)
    __scatterload                            0x08000139   Thumb Code     0  __scatter.o(!!!scatter)
    __scatterload_rt2                        0x08000139   Thumb Code    44  __scatter.o(!!!scatter)
    __scatterload_rt2_thumb_only             0x08000139   Thumb Code     0  __scatter.o(!!!scatter)
    __scatterload_null                       0x08000147   Thumb Code     0  __scatter.o(!!!scatter)
    __scatterload_copy                       0x0800016d   Thumb Code    26  __scatter_copy.o(!!handler_copy)
    __scatterload_zeroinit                   0x08000189   Thumb Code    28  __scatter_zi.o(!!handler_zi)
    _printf_f                                0x080001a5   Thumb Code     0  _printf_f.o(.ARM.Collect$$_printf_percent$$00000003)
    _printf_percent                          0x080001a5   Thumb Code     0  _printf_percent.o(.ARM.Collect$$_printf_percent$$00000000)
    _printf_d                                0x080001ab   Thumb Code     0  _printf_d.o(.ARM.Collect$$_printf_percent$$00000009)
    _printf_percent_end                      0x080001b1   Thumb Code     0  _printf_percent_end.o(.ARM.Collect$$_printf_percent$$00000017)
    __rt_lib_init                            0x080001b5   Thumb Code     0  libinit.o(.ARM.Collect$$libinit$$00000000)
    __rt_lib_init_fp_1                       0x080001b7   Thumb Code     0  libinit2.o(.ARM.Collect$$libinit$$00000002)
    __rt_lib_init_heap_1                     0x080001b7   Thumb Code     0  libinit2.o(.ARM.Collect$$libinit$$0000000A)
    __rt_lib_init_lc_common                  0x080001b7   Thumb Code     0  libinit2.o(.ARM.Collect$$libinit$$0000000F)
    __rt_lib_init_preinit_1                  0x080001b7   Thumb Code     0  libinit2.o(.ARM.Collect$$libinit$$00000004)
    __rt_lib_init_rand_1                     0x080001b7   Thumb Code     0  libinit2.o(.ARM.Collect$$libinit$$0000000E)
    __rt_lib_init_user_alloc_1               0x080001b7   Thumb Code     0  libinit2.o(.ARM.Collect$$libinit$$0000000C)
    __rt_lib_init_lc_collate_1               0x080001bd   Thumb Code     0  libinit2.o(.ARM.Collect$$libinit$$00000011)
    __rt_lib_init_lc_ctype_1                 0x080001bd   Thumb Code     0  libinit2.o(.ARM.Collect$$libinit$$00000013)
    __rt_lib_init_lc_monetary_1              0x080001bd   Thumb Code     0  libinit2.o(.ARM.Collect$$libinit$$00000015)
    __rt_lib_init_lc_numeric_2               0x080001bd   Thumb Code     0  libinit2.o(.ARM.Collect$$libinit$$00000016)
    __rt_lib_init_alloca_1                   0x080001c7   Thumb Code     0  libinit2.o(.ARM.Collect$$libinit$$0000002E)
    __rt_lib_init_argv_1                     0x080001c7   Thumb Code     0  libinit2.o(.ARM.Collect$$libinit$$0000002C)
    __rt_lib_init_atexit_1                   0x080001c7   Thumb Code     0  libinit2.o(.ARM.Collect$$libinit$$0000001B)
    __rt_lib_init_clock_1                    0x080001c7   Thumb Code     0  libinit2.o(.ARM.Collect$$libinit$$00000021)
    __rt_lib_init_cpp_1                      0x080001c7   Thumb Code     0  libinit2.o(.ARM.Collect$$libinit$$00000032)
    __rt_lib_init_exceptions_1               0x080001c7   Thumb Code     0  libinit2.o(.ARM.Collect$$libinit$$00000030)
    __rt_lib_init_fp_trap_1                  0x080001c7   Thumb Code     0  libinit2.o(.ARM.Collect$$libinit$$0000001F)
    __rt_lib_init_getenv_1                   0x080001c7   Thumb Code     0  libinit2.o(.ARM.Collect$$libinit$$00000023)
    __rt_lib_init_lc_numeric_1               0x080001c7   Thumb Code     0  libinit2.o(.ARM.Collect$$libinit$$00000017)
    __rt_lib_init_lc_time_1                  0x080001c7   Thumb Code     0  libinit2.o(.ARM.Collect$$libinit$$00000019)
    __rt_lib_init_return                     0x080001c7   Thumb Code     0  libinit2.o(.ARM.Collect$$libinit$$00000033)
    __rt_lib_init_signal_1                   0x080001c7   Thumb Code     0  libinit2.o(.ARM.Collect$$libinit$$0000001D)
    __rt_lib_init_stdio_1                    0x080001c7   Thumb Code     0  libinit2.o(.ARM.Collect$$libinit$$00000025)
    __rt_lib_shutdown                        0x080001c9   Thumb Code     0  libshutdown.o(.ARM.Collect$$libshutdown$$00000000)
    __rt_lib_shutdown_cpp_1                  0x080001cb   Thumb Code     0  libshutdown2.o(.ARM.Collect$$libshutdown$$00000002)
    __rt_lib_shutdown_fp_trap_1              0x080001cb   Thumb Code     0  libshutdown2.o(.ARM.Collect$$libshutdown$$00000007)
    __rt_lib_shutdown_heap_1                 0x080001cb   Thumb Code     0  libshutdown2.o(.ARM.Collect$$libshutdown$$0000000F)
    __rt_lib_shutdown_return                 0x080001cb   Thumb Code     0  libshutdown2.o(.ARM.Collect$$libshutdown$$00000010)
    __rt_lib_shutdown_signal_1               0x080001cb   Thumb Code     0  libshutdown2.o(.ARM.Collect$$libshutdown$$0000000A)
    __rt_lib_shutdown_stdio_1                0x080001cb   Thumb Code     0  libshutdown2.o(.ARM.Collect$$libshutdown$$00000004)
    __rt_lib_shutdown_user_alloc_1           0x080001cb   Thumb Code     0  libshutdown2.o(.ARM.Collect$$libshutdown$$0000000C)
    __rt_entry                               0x080001cd   Thumb Code     0  __rtentry.o(.ARM.Collect$$rtentry$$00000000)
    __rt_entry_presh_1                       0x080001cd   Thumb Code     0  __rtentry2.o(.ARM.Collect$$rtentry$$00000002)
    __rt_entry_sh                            0x080001cd   Thumb Code     0  __rtentry4.o(.ARM.Collect$$rtentry$$00000004)
    __rt_entry_li                            0x080001d3   Thumb Code     0  __rtentry2.o(.ARM.Collect$$rtentry$$0000000A)
    __rt_entry_postsh_1                      0x080001d3   Thumb Code     0  __rtentry2.o(.ARM.Collect$$rtentry$$00000009)
    __rt_entry_main                          0x080001d7   Thumb Code     0  __rtentry2.o(.ARM.Collect$$rtentry$$0000000D)
    __rt_entry_postli_1                      0x080001d7   Thumb Code     0  __rtentry2.o(.ARM.Collect$$rtentry$$0000000C)
    __rt_exit                                0x080001df   Thumb Code     0  rtexit.o(.ARM.Collect$$rtexit$$00000000)
    __rt_exit_ls                             0x080001e1   Thumb Code     0  rtexit2.o(.ARM.Collect$$rtexit$$00000003)
    __rt_exit_prels_1                        0x080001e1   Thumb Code     0  rtexit2.o(.ARM.Collect$$rtexit$$00000002)
    __rt_exit_exit                           0x080001e5   Thumb Code     0  rtexit2.o(.ARM.Collect$$rtexit$$00000004)
    WFI_SET                                  0x080001ed   Thumb Code     2  sys.o(.emb_text)
    INTX_DISABLE                             0x080001ef   Thumb Code     2  sys.o(.emb_text)
    INTX_ENABLE                              0x080001f1   Thumb Code     2  sys.o(.emb_text)
    MSR_MSP                                  0x080001f3   Thumb Code     6  sys.o(.emb_text)
    main                                     0x080001f9   Thumb Code   102  main.o(.text)
    NMI_Handler                              0x0800028d   Thumb Code     2  stm32f10x_it.o(.text)
    HardFault_Handler                        0x0800028f   Thumb Code     4  stm32f10x_it.o(.text)
    MemManage_Handler                        0x08000293   Thumb Code     4  stm32f10x_it.o(.text)
    BusFault_Handler                         0x08000297   Thumb Code     4  stm32f10x_it.o(.text)
    UsageFault_Handler                       0x0800029b   Thumb Code     4  stm32f10x_it.o(.text)
    SVC_Handler                              0x0800029f   Thumb Code     2  stm32f10x_it.o(.text)
    DebugMon_Handler                         0x080002a1   Thumb Code     2  stm32f10x_it.o(.text)
    PendSV_Handler                           0x080002a3   Thumb Code     2  stm32f10x_it.o(.text)
    SysTick_Handler                          0x080002a5   Thumb Code     2  stm32f10x_it.o(.text)
    SystemInit                               0x08000387   Thumb Code    78  system_stm32f10x.o(.text)
    SystemCoreClockUpdate                    0x080003d5   Thumb Code   142  system_stm32f10x.o(.text)
    Reset_Handler                            0x08000489   Thumb Code     8  startup_stm32f10x_hd.o(.text)
    ADC1_2_IRQHandler                        0x080004a3   Thumb Code     0  startup_stm32f10x_hd.o(.text)
    ADC3_IRQHandler                          0x080004a3   Thumb Code     0  startup_stm32f10x_hd.o(.text)
    CAN1_RX1_IRQHandler                      0x080004a3   Thumb Code     0  startup_stm32f10x_hd.o(.text)
    CAN1_SCE_IRQHandler                      0x080004a3   Thumb Code     0  startup_stm32f10x_hd.o(.text)
    DMA1_Channel1_IRQHandler                 0x080004a3   Thumb Code     0  startup_stm32f10x_hd.o(.text)
    DMA1_Channel2_IRQHandler                 0x080004a3   Thumb Code     0  startup_stm32f10x_hd.o(.text)
    DMA1_Channel3_IRQHandler                 0x080004a3   Thumb Code     0  startup_stm32f10x_hd.o(.text)
    DMA1_Channel4_IRQHandler                 0x080004a3   Thumb Code     0  startup_stm32f10x_hd.o(.text)
    DMA1_Channel5_IRQHandler                 0x080004a3   Thumb Code     0  startup_stm32f10x_hd.o(.text)
    DMA1_Channel6_IRQHandler                 0x080004a3   Thumb Code     0  startup_stm32f10x_hd.o(.text)
    DMA1_Channel7_IRQHandler                 0x080004a3   Thumb Code     0  startup_stm32f10x_hd.o(.text)
    DMA2_Channel1_IRQHandler                 0x080004a3   Thumb Code     0  startup_stm32f10x_hd.o(.text)
    DMA2_Channel2_IRQHandler                 0x080004a3   Thumb Code     0  startup_stm32f10x_hd.o(.text)
    DMA2_Channel3_IRQHandler                 0x080004a3   Thumb Code     0  startup_stm32f10x_hd.o(.text)
    DMA2_Channel4_5_IRQHandler               0x080004a3   Thumb Code     0  startup_stm32f10x_hd.o(.text)
    EXTI0_IRQHandler                         0x080004a3   Thumb Code     0  startup_stm32f10x_hd.o(.text)
    EXTI15_10_IRQHandler                     0x080004a3   Thumb Code     0  startup_stm32f10x_hd.o(.text)
    EXTI1_IRQHandler                         0x080004a3   Thumb Code     0  startup_stm32f10x_hd.o(.text)
    EXTI2_IRQHandler                         0x080004a3   Thumb Code     0  startup_stm32f10x_hd.o(.text)
    EXTI3_IRQHandler                         0x080004a3   Thumb Code     0  startup_stm32f10x_hd.o(.text)
    EXTI4_IRQHandler                         0x080004a3   Thumb Code     0  startup_stm32f10x_hd.o(.text)
    EXTI9_5_IRQHandler                       0x080004a3   Thumb Code     0  startup_stm32f10x_hd.o(.text)
    FLASH_IRQHandler                         0x080004a3   Thumb Code     0  startup_stm32f10x_hd.o(.text)
    FSMC_IRQHandler                          0x080004a3   Thumb Code     0  startup_stm32f10x_hd.o(.text)
    I2C1_ER_IRQHandler                       0x080004a3   Thumb Code     0  startup_stm32f10x_hd.o(.text)
    I2C1_EV_IRQHandler                       0x080004a3   Thumb Code     0  startup_stm32f10x_hd.o(.text)
    I2C2_ER_IRQHandler                       0x080004a3   Thumb Code     0  startup_stm32f10x_hd.o(.text)
    I2C2_EV_IRQHandler                       0x080004a3   Thumb Code     0  startup_stm32f10x_hd.o(.text)
    PVD_IRQHandler                           0x080004a3   Thumb Code     0  startup_stm32f10x_hd.o(.text)
    RCC_IRQHandler                           0x080004a3   Thumb Code     0  startup_stm32f10x_hd.o(.text)
    RTCAlarm_IRQHandler                      0x080004a3   Thumb Code     0  startup_stm32f10x_hd.o(.text)
    RTC_IRQHandler                           0x080004a3   Thumb Code     0  startup_stm32f10x_hd.o(.text)
    SDIO_IRQHandler                          0x080004a3   Thumb Code     0  startup_stm32f10x_hd.o(.text)
    SPI1_IRQHandler                          0x080004a3   Thumb Code     0  startup_stm32f10x_hd.o(.text)
    SPI2_IRQHandler                          0x080004a3   Thumb Code     0  startup_stm32f10x_hd.o(.text)
    SPI3_IRQHandler                          0x080004a3   Thumb Code     0  startup_stm32f10x_hd.o(.text)
    TAMPER_IRQHandler                        0x080004a3   Thumb Code     0  startup_stm32f10x_hd.o(.text)
    TIM1_BRK_IRQHandler                      0x080004a3   Thumb Code     0  startup_stm32f10x_hd.o(.text)
    TIM1_CC_IRQHandler                       0x080004a3   Thumb Code     0  startup_stm32f10x_hd.o(.text)
    TIM1_TRG_COM_IRQHandler                  0x080004a3   Thumb Code     0  startup_stm32f10x_hd.o(.text)
    TIM1_UP_IRQHandler                       0x080004a3   Thumb Code     0  startup_stm32f10x_hd.o(.text)
    TIM2_IRQHandler                          0x080004a3   Thumb Code     0  startup_stm32f10x_hd.o(.text)
    TIM3_IRQHandler                          0x080004a3   Thumb Code     0  startup_stm32f10x_hd.o(.text)
    TIM4_IRQHandler                          0x080004a3   Thumb Code     0  startup_stm32f10x_hd.o(.text)
    TIM5_IRQHandler                          0x080004a3   Thumb Code     0  startup_stm32f10x_hd.o(.text)
    TIM6_IRQHandler                          0x080004a3   Thumb Code     0  startup_stm32f10x_hd.o(.text)
    TIM7_IRQHandler                          0x080004a3   Thumb Code     0  startup_stm32f10x_hd.o(.text)
    TIM8_BRK_IRQHandler                      0x080004a3   Thumb Code     0  startup_stm32f10x_hd.o(.text)
    TIM8_CC_IRQHandler                       0x080004a3   Thumb Code     0  startup_stm32f10x_hd.o(.text)
    TIM8_TRG_COM_IRQHandler                  0x080004a3   Thumb Code     0  startup_stm32f10x_hd.o(.text)
    TIM8_UP_IRQHandler                       0x080004a3   Thumb Code     0  startup_stm32f10x_hd.o(.text)
    UART4_IRQHandler                         0x080004a3   Thumb Code     0  startup_stm32f10x_hd.o(.text)
    UART5_IRQHandler                         0x080004a3   Thumb Code     0  startup_stm32f10x_hd.o(.text)
    USART1_IRQHandler                        0x080004a3   Thumb Code     0  startup_stm32f10x_hd.o(.text)
    USART2_IRQHandler                        0x080004a3   Thumb Code     0  startup_stm32f10x_hd.o(.text)
    USART3_IRQHandler                        0x080004a3   Thumb Code     0  startup_stm32f10x_hd.o(.text)
    USBWakeUp_IRQHandler                     0x080004a3   Thumb Code     0  startup_stm32f10x_hd.o(.text)
    USB_HP_CAN1_TX_IRQHandler                0x080004a3   Thumb Code     0  startup_stm32f10x_hd.o(.text)
    USB_LP_CAN1_RX0_IRQHandler               0x080004a3   Thumb Code     0  startup_stm32f10x_hd.o(.text)
    WWDG_IRQHandler                          0x080004a3   Thumb Code     0  startup_stm32f10x_hd.o(.text)
    __user_initial_stackheap                 0x080004a5   Thumb Code     0  startup_stm32f10x_hd.o(.text)
    GPIO_DeInit                              0x080004c9   Thumb Code   172  stm32f10x_gpio.o(.text)
    GPIO_AFIODeInit                          0x08000575   Thumb Code    20  stm32f10x_gpio.o(.text)
    GPIO_Init                                0x08000589   Thumb Code   278  stm32f10x_gpio.o(.text)
    GPIO_StructInit                          0x0800069f   Thumb Code    16  stm32f10x_gpio.o(.text)
    GPIO_ReadInputDataBit                    0x080006af   Thumb Code    18  stm32f10x_gpio.o(.text)
    GPIO_ReadInputData                       0x080006c1   Thumb Code     8  stm32f10x_gpio.o(.text)
    GPIO_ReadOutputDataBit                   0x080006c9   Thumb Code    18  stm32f10x_gpio.o(.text)
    GPIO_ReadOutputData                      0x080006db   Thumb Code     8  stm32f10x_gpio.o(.text)
    GPIO_SetBits                             0x080006e3   Thumb Code     4  stm32f10x_gpio.o(.text)
    GPIO_ResetBits                           0x080006e7   Thumb Code     4  stm32f10x_gpio.o(.text)
    GPIO_WriteBit                            0x080006eb   Thumb Code    10  stm32f10x_gpio.o(.text)
    GPIO_Write                               0x080006f5   Thumb Code     4  stm32f10x_gpio.o(.text)
    GPIO_PinLockConfig                       0x080006f9   Thumb Code    18  stm32f10x_gpio.o(.text)
    GPIO_EventOutputConfig                   0x0800070b   Thumb Code    26  stm32f10x_gpio.o(.text)
    GPIO_EventOutputCmd                      0x08000725   Thumb Code     6  stm32f10x_gpio.o(.text)
    GPIO_PinRemapConfig                      0x0800072b   Thumb Code   138  stm32f10x_gpio.o(.text)
    GPIO_EXTILineConfig                      0x080007b5   Thumb Code    66  stm32f10x_gpio.o(.text)
    GPIO_ETH_MediaInterfaceConfig            0x080007f7   Thumb Code     8  stm32f10x_gpio.o(.text)
    RCC_DeInit                               0x08000825   Thumb Code    64  stm32f10x_rcc.o(.text)
    RCC_HSEConfig                            0x08000865   Thumb Code    70  stm32f10x_rcc.o(.text)
    RCC_GetFlagStatus                        0x080008ab   Thumb Code    56  stm32f10x_rcc.o(.text)
    RCC_WaitForHSEStartUp                    0x080008e3   Thumb Code    56  stm32f10x_rcc.o(.text)
    RCC_AdjustHSICalibrationValue            0x0800091b   Thumb Code    20  stm32f10x_rcc.o(.text)
    RCC_HSICmd                               0x0800092f   Thumb Code     6  stm32f10x_rcc.o(.text)
    RCC_PLLConfig                            0x08000935   Thumb Code    24  stm32f10x_rcc.o(.text)
    RCC_PLLCmd                               0x0800094d   Thumb Code     6  stm32f10x_rcc.o(.text)
    RCC_SYSCLKConfig                         0x08000953   Thumb Code    18  stm32f10x_rcc.o(.text)
    RCC_GetSYSCLKSource                      0x08000965   Thumb Code    10  stm32f10x_rcc.o(.text)
    RCC_HCLKConfig                           0x0800096f   Thumb Code    18  stm32f10x_rcc.o(.text)
    RCC_PCLK1Config                          0x08000981   Thumb Code    18  stm32f10x_rcc.o(.text)
    RCC_PCLK2Config                          0x08000993   Thumb Code    20  stm32f10x_rcc.o(.text)
    RCC_ITConfig                             0x080009a7   Thumb Code    26  stm32f10x_rcc.o(.text)
    RCC_USBCLKConfig                         0x080009c1   Thumb Code     8  stm32f10x_rcc.o(.text)
    RCC_ADCCLKConfig                         0x080009c9   Thumb Code    18  stm32f10x_rcc.o(.text)
    RCC_LSEConfig                            0x080009db   Thumb Code    50  stm32f10x_rcc.o(.text)
    RCC_LSICmd                               0x08000a0d   Thumb Code     6  stm32f10x_rcc.o(.text)
    RCC_RTCCLKConfig                         0x08000a13   Thumb Code    12  stm32f10x_rcc.o(.text)
    RCC_RTCCLKCmd                            0x08000a1f   Thumb Code     8  stm32f10x_rcc.o(.text)
    RCC_GetClocksFreq                        0x08000a27   Thumb Code   192  stm32f10x_rcc.o(.text)
    RCC_AHBPeriphClockCmd                    0x08000ae7   Thumb Code    26  stm32f10x_rcc.o(.text)
    RCC_APB2PeriphClockCmd                   0x08000b01   Thumb Code    26  stm32f10x_rcc.o(.text)
    RCC_APB1PeriphClockCmd                   0x08000b1b   Thumb Code    26  stm32f10x_rcc.o(.text)
    RCC_APB2PeriphResetCmd                   0x08000b35   Thumb Code    26  stm32f10x_rcc.o(.text)
    RCC_APB1PeriphResetCmd                   0x08000b4f   Thumb Code    26  stm32f10x_rcc.o(.text)
    RCC_BackupResetCmd                       0x08000b69   Thumb Code     8  stm32f10x_rcc.o(.text)
    RCC_ClockSecuritySystemCmd               0x08000b71   Thumb Code     6  stm32f10x_rcc.o(.text)
    RCC_MCOConfig                            0x08000b77   Thumb Code     6  stm32f10x_rcc.o(.text)
    RCC_ClearFlag                            0x08000b7d   Thumb Code    14  stm32f10x_rcc.o(.text)
    RCC_GetITStatus                          0x08000b8b   Thumb Code    20  stm32f10x_rcc.o(.text)
    RCC_ClearITPendingBit                    0x08000b9f   Thumb Code     6  stm32f10x_rcc.o(.text)
    delay_init                               0x08000bc9   Thumb Code    56  delay.o(.text)
    delay_us                                 0x08000c01   Thumb Code    56  delay.o(.text)
    delay_ms                                 0x08000c39   Thumb Code    56  delay.o(.text)
    mpu_reg_dump                             0x08000d03   Thumb Code    72  inv_mpu.o(.text)
    mpu_read_reg                             0x08000d4b   Thumb Code    66  inv_mpu.o(.text)
    mpu_set_int_latched                      0x08000d8d   Thumb Code   102  inv_mpu.o(.text)
    mpu_set_sensors                          0x08000df3   Thumb Code   202  inv_mpu.o(.text)
    mpu_set_bypass                           0x08000ebd   Thumb Code   328  inv_mpu.o(.text)
    mpu_reset_fifo                           0x08001005   Thumb Code   444  inv_mpu.o(.text)
    mpu_configure_fifo                       0x080011c1   Thumb Code   106  inv_mpu.o(.text)
    mpu_set_lpf                              0x0800122b   Thumb Code   126  inv_mpu.o(.text)
    mpu_lp_accel_mode                        0x080012a9   Thumb Code   218  inv_mpu.o(.text)
    mpu_set_sample_rate                      0x08001383   Thumb Code   152  inv_mpu.o(.text)
    mpu_set_accel_fsr                        0x0800141b   Thumb Code   132  inv_mpu.o(.text)
    mpu_set_gyro_fsr                         0x0800149f   Thumb Code   132  inv_mpu.o(.text)
    mpu_init                                 0x08001523   Thumb Code   416  inv_mpu.o(.text)
    myget_ms                                 0x080016c3   Thumb Code     2  inv_mpu.o(.text)
    mpu_get_gyro_reg                         0x080016c5   Thumb Code   110  inv_mpu.o(.text)
    mpu_get_accel_reg                        0x08001733   Thumb Code   110  inv_mpu.o(.text)
    mpu_get_temperature                      0x080017a1   Thumb Code   150  inv_mpu.o(.text)
    mpu_set_accel_bias                       0x08001837   Thumb Code   468  inv_mpu.o(.text)
    mpu_get_gyro_fsr                         0x08001a0b   Thumb Code    64  inv_mpu.o(.text)
    mpu_get_accel_fsr                        0x08001a4b   Thumb Code    72  inv_mpu.o(.text)
    mpu_get_lpf                              0x08001a93   Thumb Code    74  inv_mpu.o(.text)
    mpu_get_sample_rate                      0x08001add   Thumb Code    26  inv_mpu.o(.text)
    mpu_get_compass_sample_rate              0x08001af7   Thumb Code    10  inv_mpu.o(.text)
    mpu_set_compass_sample_rate              0x08001b01   Thumb Code     8  inv_mpu.o(.text)
    mpu_get_gyro_sens                        0x08001b09   Thumb Code    58  inv_mpu.o(.text)
    mpu_get_accel_sens                       0x08001b43   Thumb Code    78  inv_mpu.o(.text)
    mpu_get_fifo_config                      0x08001b91   Thumb Code    12  inv_mpu.o(.text)
    mpu_get_power_state                      0x08001b9d   Thumb Code    22  inv_mpu.o(.text)
    mpu_get_int_status                       0x08001bb3   Thumb Code    64  inv_mpu.o(.text)
    mpu_read_fifo                            0x08001bf3   Thumb Code   520  inv_mpu.o(.text)
    mpu_read_fifo_stream                     0x08001dfb   Thumb Code   186  inv_mpu.o(.text)
    mpu_set_int_level                        0x08001eb5   Thumb Code    12  inv_mpu.o(.text)
    mpu_set_dmp_state                        0x08002595   Thumb Code   138  inv_mpu.o(.text)
    mpu_run_self_test                        0x0800261f   Thumb Code   278  inv_mpu.o(.text)
    mpu_write_mem                            0x08002735   Thumb Code   122  inv_mpu.o(.text)
    mpu_read_mem                             0x080027af   Thumb Code   122  inv_mpu.o(.text)
    mpu_load_firmware                        0x08002829   Thumb Code   190  inv_mpu.o(.text)
    mpu_get_dmp_state                        0x080028e7   Thumb Code    14  inv_mpu.o(.text)
    mpu_get_compass_reg                      0x080028f5   Thumb Code     8  inv_mpu.o(.text)
    mpu_get_compass_fsr                      0x080028fd   Thumb Code     8  inv_mpu.o(.text)
    mpu_lp_motion_interrupt                  0x08002905   Thumb Code   512  inv_mpu.o(.text)
    dmp_load_motion_driver_firmware          0x08002b09   Thumb Code    20  inv_mpu_dmp_motion_driver.o(.text)
    dmp_set_orientation                      0x08002b1d   Thumb Code   290  inv_mpu_dmp_motion_driver.o(.text)
    dmp_set_gyro_bias                        0x08002c3f   Thumb Code   294  inv_mpu_dmp_motion_driver.o(.text)
    dmp_set_accel_bias                       0x08002d65   Thumb Code   300  inv_mpu_dmp_motion_driver.o(.text)
    dmp_set_fifo_rate                        0x08002e91   Thumb Code   136  inv_mpu_dmp_motion_driver.o(.text)
    dmp_get_fifo_rate                        0x08002f19   Thumb Code    12  inv_mpu_dmp_motion_driver.o(.text)
    dmp_set_tap_thresh                       0x08002f25   Thumb Code   396  inv_mpu_dmp_motion_driver.o(.text)
    dmp_set_tap_axes                         0x080030b1   Thumb Code    70  inv_mpu_dmp_motion_driver.o(.text)
    dmp_set_tap_count                        0x080030f7   Thumb Code    38  inv_mpu_dmp_motion_driver.o(.text)
    dmp_set_tap_time                         0x0800311d   Thumb Code    38  inv_mpu_dmp_motion_driver.o(.text)
    dmp_set_tap_time_multi                   0x08003143   Thumb Code    38  inv_mpu_dmp_motion_driver.o(.text)
    dmp_set_shake_reject_thresh              0x08003169   Thumb Code    56  inv_mpu_dmp_motion_driver.o(.text)
    dmp_set_shake_reject_time                0x080031a1   Thumb Code    38  inv_mpu_dmp_motion_driver.o(.text)
    dmp_set_shake_reject_timeout             0x080031c7   Thumb Code    38  inv_mpu_dmp_motion_driver.o(.text)
    dmp_get_pedometer_step_count             0x080031ed   Thumb Code    66  inv_mpu_dmp_motion_driver.o(.text)
    dmp_set_pedometer_step_count             0x0800322f   Thumb Code    42  inv_mpu_dmp_motion_driver.o(.text)
    dmp_get_pedometer_walk_time              0x08003259   Thumb Code    72  inv_mpu_dmp_motion_driver.o(.text)
    dmp_set_pedometer_walk_time              0x080032a1   Thumb Code    48  inv_mpu_dmp_motion_driver.o(.text)
    dmp_enable_6x_lp_quat                    0x080032d1   Thumb Code    84  inv_mpu_dmp_motion_driver.o(.text)
    dmp_enable_lp_quat                       0x08003325   Thumb Code    60  inv_mpu_dmp_motion_driver.o(.text)
    dmp_enable_gyro_cal                      0x08003361   Thumb Code    62  inv_mpu_dmp_motion_driver.o(.text)
    dmp_enable_feature                       0x0800339f   Thumb Code   530  inv_mpu_dmp_motion_driver.o(.text)
    dmp_get_enabled_features                 0x080035b1   Thumb Code    12  inv_mpu_dmp_motion_driver.o(.text)
    dmp_set_interrupt_mode                   0x0800361b   Thumb Code    66  inv_mpu_dmp_motion_driver.o(.text)
    dmp_read_fifo                            0x0800365d   Thumb Code   514  inv_mpu_dmp_motion_driver.o(.text)
    dmp_register_tap_cb                      0x0800385f   Thumb Code    10  inv_mpu_dmp_motion_driver.o(.text)
    dmp_register_android_orient_cb           0x08003869   Thumb Code    10  inv_mpu_dmp_motion_driver.o(.text)
    IIC_Init                                 0x08003879   Thumb Code    52  ioi2c.o(.text)
    SDA_OUT                                  0x080038ad   Thumb Code    32  ioi2c.o(.text)
    SDA_IN                                   0x080038cd   Thumb Code    26  ioi2c.o(.text)
    IIC_Start                                0x080038e7   Thumb Code    74  ioi2c.o(.text)
    IIC_Stop                                 0x08003931   Thumb Code    46  ioi2c.o(.text)
    IIC_Wait_Ack                             0x0800395f   Thumb Code    74  ioi2c.o(.text)
    IIC_Ack                                  0x080039a9   Thumb Code    50  ioi2c.o(.text)
    IIC_NAck                                 0x080039db   Thumb Code    48  ioi2c.o(.text)
    IIC_Send_Byte                            0x08003a0b   Thumb Code    72  ioi2c.o(.text)
    i2cWrite                                 0x08003a53   Thumb Code    96  ioi2c.o(.text)
    IIC_Read_Byte                            0x08003ab3   Thumb Code    82  ioi2c.o(.text)
    i2cRead                                  0x08003b05   Thumb Code   118  ioi2c.o(.text)
    I2C_ReadOneByte                          0x08003b7b   Thumb Code    70  ioi2c.o(.text)
    IICreadBytes                             0x08003bc1   Thumb Code   100  ioi2c.o(.text)
    IICwriteBytes                            0x08003c25   Thumb Code    70  ioi2c.o(.text)
    IICreadByte                              0x08003c6b   Thumb Code    34  ioi2c.o(.text)
    IICwriteByte                             0x08003c8d   Thumb Code    20  ioi2c.o(.text)
    IICwriteBits                             0x08003ca1   Thumb Code   106  ioi2c.o(.text)
    IICwriteBit                              0x08003d0b   Thumb Code    64  ioi2c.o(.text)
    MPU6050_newValues                        0x08003e59   Thumb Code   494  mpu6050.o(.text)
    MPU6050_setClockSource                   0x08004047   Thumb Code    20  mpu6050.o(.text)
    MPU6050_setFullScaleGyroRange            0x0800405b   Thumb Code    20  mpu6050.o(.text)
    MPU6050_setFullScaleAccelRange           0x0800406f   Thumb Code    20  mpu6050.o(.text)
    MPU6050_setSleepEnabled                  0x08004083   Thumb Code    18  mpu6050.o(.text)
    MPU6050_getDeviceID                      0x08004095   Thumb Code    20  mpu6050.o(.text)
    MPU6050_testConnection                   0x080040a9   Thumb Code    18  mpu6050.o(.text)
    MPU6050_setI2CMasterModeEnabled          0x080040bb   Thumb Code    18  mpu6050.o(.text)
    MPU6050_setI2CBypassEnabled              0x080040cd   Thumb Code    18  mpu6050.o(.text)
    MPU6050_initialize                       0x080040df   Thumb Code    40  mpu6050.o(.text)
    DMP_Init                                 0x08004107   Thumb Code   156  mpu6050.o(.text)
    Read_DMP                                 0x080041a3   Thumb Code   958  mpu6050.o(.text)
    Read_Temperature                         0x08004561   Thumb Code   110  mpu6050.o(.text)
    MY_NVIC_SetVectorTable                   0x08004601   Thumb Code    12  sys.o(.text)
    MY_NVIC_PriorityGroupConfig              0x0800460d   Thumb Code    36  sys.o(.text)
    MY_NVIC_Init                             0x08004631   Thumb Code   116  sys.o(.text)
    Ex_NVIC_Config                           0x080046a5   Thumb Code   146  sys.o(.text)
    MYRCC_DeInit                             0x08004737   Thumb Code    90  sys.o(.text)
    Sys_Standby                              0x08004791   Thumb Code    68  sys.o(.text)
    Sys_Soft_Reset                           0x080047d5   Thumb Code    12  sys.o(.text)
    JTAG_Set                                 0x080047e1   Thumb Code    42  sys.o(.text)
    Stm32_Clock_Init                         0x0800480b   Thumb Code   134  sys.o(.text)
    _sys_exit                                0x080048bd   Thumb Code     4  usart.o(.text)
    fputc                                    0x080048c1   Thumb Code    24  usart.o(.text)
    uart_init                                0x080048d9   Thumb Code   182  usart.o(.text)
    __use_no_semihosting                     0x080049a1   Thumb Code     2  use_no_semi_2.o(.text)
    __aeabi_ldivmod                          0x080049a3   Thumb Code     0  llsdiv.o(.text)
    _ll_sdiv                                 0x080049a3   Thumb Code    72  llsdiv.o(.text)
    __2printf                                0x080049ed   Thumb Code    20  noretval__2printf.o(.text)
    _printf_int_dec                          0x08004a05   Thumb Code   104  _printf_dec.o(.text)
    __printf                                 0x08004a7d   Thumb Code   270  __printf_wp.o(.text)
    memcmp                                   0x08004b8b   Thumb Code    88  memcmp.o(.text)
    __aeabi_memset                           0x08004be3   Thumb Code    16  aeabi_memset.o(.text)
    __use_two_region_memory                  0x08004bf3   Thumb Code     2  heapauxi.o(.text)
    __rt_heap_escrow$2region                 0x08004bf5   Thumb Code     2  heapauxi.o(.text)
    __rt_heap_expand$2region                 0x08004bf7   Thumb Code     2  heapauxi.o(.text)
    __I$use$semihosting                      0x08004bf9   Thumb Code     0  use_no_semi.o(.text)
    __use_no_semihosting_swi                 0x08004bf9   Thumb Code     2  use_no_semi.o(.text)
    __aeabi_uldivmod                         0x08004bfb   Thumb Code     0  lludivv7m.o(.text)
    _ll_udiv                                 0x08004bfb   Thumb Code   238  lludivv7m.o(.text)
    __read_errno                             0x08004ce9   Thumb Code    10  _rserrno.o(.text)
    __set_errno                              0x08004cf3   Thumb Code    12  _rserrno.o(.text)
    _printf_int_common                       0x08004cff   Thumb Code   178  _printf_intcommon.o(.text)
    __lib_sel_fp_printf                      0x08004db1   Thumb Code     2  _printf_fp_dec.o(.text)
    _printf_fp_dec_real                      0x08004f5f   Thumb Code   620  _printf_fp_dec.o(.text)
    _printf_char_file                        0x080051cd   Thumb Code    32  _printf_char_file.o(.text)
    __aeabi_memclr                           0x080051f1   Thumb Code     0  rt_memclr.o(.text)
    __rt_memclr                              0x080051f1   Thumb Code    68  rt_memclr.o(.text)
    _memset                                  0x080051f5   Thumb Code     0  rt_memclr.o(.text)
    __rt_locale                              0x08005235   Thumb Code     8  rt_locale_intlibspace.o(.text)
    __aeabi_errno_addr                       0x0800523d   Thumb Code     8  rt_errno_addr_intlibspace.o(.text)
    __errno$intlibspace                      0x0800523d   Thumb Code     0  rt_errno_addr_intlibspace.o(.text)
    __rt_errno_addr$intlibspace              0x0800523d   Thumb Code     0  rt_errno_addr_intlibspace.o(.text)
    _ll_udiv10                               0x08005245   Thumb Code   138  lludiv10.o(.text)
    _printf_char_common                      0x080052db   Thumb Code    32  _printf_char_common.o(.text)
    _printf_fp_infnan                        0x08005301   Thumb Code   112  _printf_fp_infnan.o(.text)
    _btod_etento                             0x08005381   Thumb Code   216  bigflt0.o(.text)
    ferror                                   0x0800545d   Thumb Code     8  ferror.o(.text)
    __aeabi_memclr4                          0x08005465   Thumb Code     0  rt_memclr_w.o(.text)
    __aeabi_memclr8                          0x08005465   Thumb Code     0  rt_memclr_w.o(.text)
    __rt_memclr_w                            0x08005465   Thumb Code    78  rt_memclr_w.o(.text)
    _memset_w                                0x08005469   Thumb Code     0  rt_memclr_w.o(.text)
    __user_libspace                          0x080054b5   Thumb Code     8  libspace.o(.text)
    __user_perproc_libspace                  0x080054b5   Thumb Code     0  libspace.o(.text)
    __user_perthread_libspace                0x080054b5   Thumb Code     0  libspace.o(.text)
    __user_setup_stackheap                   0x080054bd   Thumb Code    74  sys_stackheap_outer.o(.text)
    exit                                     0x08005507   Thumb Code    18  exit.o(.text)
    strcmp                                   0x08005519   Thumb Code   128  strcmpv7m.o(.text)
    _btod_d2e                                0x08005599   Thumb Code    62  btod.o(CL$$btod_d2e)
    _d2e_denorm_low                          0x080055d7   Thumb Code    70  btod.o(CL$$btod_d2e_denorm_low)
    _d2e_norm_op1                            0x0800561d   Thumb Code    96  btod.o(CL$$btod_d2e_norm_op1)
    __btod_div_common                        0x0800567d   Thumb Code   696  btod.o(CL$$btod_div_common)
    _e2e                                     0x080059b5   Thumb Code   198  btod.o(CL$$btod_e2e)
    _btod_ediv                               0x08005a7b   Thumb Code    40  btod.o(CL$$btod_ediv)
    _btod_emul                               0x08005aa3   Thumb Code    40  btod.o(CL$$btod_emul)
    __btod_mult_common                       0x08005acb   Thumb Code   580  btod.o(CL$$btod_mult_common)
    __ARM_fpclassify                         0x08005d0f   Thumb Code    40  fpclassify.o(i.__ARM_fpclassify)
    __kernel_poly                            0x08005d37   Thumb Code   170  poly.o(i.__kernel_poly)
    __mathlib_dbl_infnan                     0x08005de1   Thumb Code     6  dunder.o(i.__mathlib_dbl_infnan)
    __mathlib_dbl_infnan2                    0x08005de7   Thumb Code     4  dunder.o(i.__mathlib_dbl_infnan2)
    __mathlib_dbl_invalid                    0x08005deb   Thumb Code    12  dunder.o(i.__mathlib_dbl_invalid)
    __mathlib_dbl_underflow                  0x08005df9   Thumb Code    10  dunder.o(i.__mathlib_dbl_underflow)
    _is_digit                                0x08005e09   Thumb Code    14  __printf_wp.o(i._is_digit)
    asin                                     0x08005e19   Thumb Code   572  asin.o(i.asin)
    atan                                     0x08006089   Thumb Code   474  atan.o(i.atan)
    atan2                                    0x080062a9   Thumb Code   346  atan2.o(i.atan2)
    sqrt                                     0x08006429   Thumb Code    76  sqrt.o(i.sqrt)
    _get_lc_numeric                          0x08006475   Thumb Code    44  lc_numeric_c.o(locale$$code)
    __aeabi_d2f                              0x080064a1   Thumb Code     0  d2f.o(x$fpl$d2f)
    _d2f                                     0x080064a1   Thumb Code    98  d2f.o(x$fpl$d2f)
    __aeabi_dadd                             0x08006505   Thumb Code     0  daddsub_clz.o(x$fpl$dadd)
    _dadd                                    0x08006505   Thumb Code   332  daddsub_clz.o(x$fpl$dadd)
    __fpl_dcheck_NaN1                        0x08006655   Thumb Code    10  dcheck1.o(x$fpl$dcheck1)
    __aeabi_ddiv                             0x08006665   Thumb Code     0  ddiv.o(x$fpl$ddiv)
    _ddiv                                    0x08006665   Thumb Code   552  ddiv.o(x$fpl$ddiv)
    __aeabi_dmul                             0x08006915   Thumb Code     0  dmul.o(x$fpl$dmul)
    _dmul                                    0x08006915   Thumb Code   332  dmul.o(x$fpl$dmul)
    __fpl_dnaninf                            0x08006a69   Thumb Code   156  dnaninf.o(x$fpl$dnaninf)
    __fpl_dretinf                            0x08006b05   Thumb Code    12  dretinf.o(x$fpl$dretinf)
    __aeabi_drsub                            0x08006b11   Thumb Code     0  daddsub_clz.o(x$fpl$drsb)
    _drsb                                    0x08006b11   Thumb Code    22  daddsub_clz.o(x$fpl$drsb)
    _dsqrt                                   0x08006b29   Thumb Code   456  dsqrt_noumaal.o(x$fpl$dsqrt)
    __aeabi_dsub                             0x08006cf5   Thumb Code     0  daddsub_clz.o(x$fpl$dsub)
    _dsub                                    0x08006cf5   Thumb Code   464  daddsub_clz.o(x$fpl$dsub)
    __aeabi_f2d                              0x08006ec9   Thumb Code     0  f2d.o(x$fpl$f2d)
    _f2d                                     0x08006ec9   Thumb Code    86  f2d.o(x$fpl$f2d)
    __aeabi_fadd                             0x08006f21   Thumb Code     0  faddsub_clz.o(x$fpl$fadd)
    _fadd                                    0x08006f21   Thumb Code   196  faddsub_clz.o(x$fpl$fadd)
    __fpl_fcmp_Inf                           0x08006fe5   Thumb Code    24  fcmpi.o(x$fpl$fcmpinf)
    __aeabi_fdiv                             0x08006ffd   Thumb Code     0  fdiv.o(x$fpl$fdiv)
    _fdiv                                    0x08006ffd   Thumb Code   384  fdiv.o(x$fpl$fdiv)
    __aeabi_cfcmpeq                          0x08007181   Thumb Code     0  feqf.o(x$fpl$feqf)
    _fcmpeq                                  0x08007181   Thumb Code   104  feqf.o(x$fpl$feqf)
    __aeabi_f2iz                             0x080071e9   Thumb Code     0  ffix.o(x$fpl$ffix)
    _ffix                                    0x080071e9   Thumb Code    54  ffix.o(x$fpl$ffix)
    __aeabi_f2uiz                            0x08007221   Thumb Code     0  ffixu.o(x$fpl$ffixu)
    _ffixu                                   0x08007221   Thumb Code    62  ffixu.o(x$fpl$ffixu)
    __aeabi_i2f                              0x08007261   Thumb Code     0  fflt_clz.o(x$fpl$fflt)
    _fflt                                    0x08007261   Thumb Code    48  fflt_clz.o(x$fpl$fflt)
    __aeabi_ui2f                             0x08007291   Thumb Code     0  fflt_clz.o(x$fpl$ffltu)
    _ffltu                                   0x08007291   Thumb Code    38  fflt_clz.o(x$fpl$ffltu)
    __aeabi_cfcmple                          0x080072b9   Thumb Code     0  fleqf.o(x$fpl$fleqf)
    _fcmple                                  0x080072b9   Thumb Code   104  fleqf.o(x$fpl$fleqf)
    __fpl_fcmple_InfNaN                      0x0800730b   Thumb Code     0  fleqf.o(x$fpl$fleqf)
    __aeabi_fmul                             0x08007321   Thumb Code     0  fmul.o(x$fpl$fmul)
    _fmul                                    0x08007321   Thumb Code   258  fmul.o(x$fpl$fmul)
    __fpl_fnaninf                            0x08007423   Thumb Code   140  fnaninf.o(x$fpl$fnaninf)
    __fpl_fretinf                            0x080074af   Thumb Code    10  fretinf.o(x$fpl$fretinf)
    __aeabi_cfrcmple                         0x080074b9   Thumb Code     0  frleqf.o(x$fpl$frleqf)
    _frcmple                                 0x080074b9   Thumb Code    98  frleqf.o(x$fpl$frleqf)
    __aeabi_frsub                            0x0800751b   Thumb Code     0  faddsub_clz.o(x$fpl$frsb)
    _frsb                                    0x0800751b   Thumb Code    20  faddsub_clz.o(x$fpl$frsb)
    __aeabi_fsub                             0x08007531   Thumb Code     0  faddsub_clz.o(x$fpl$fsub)
    _fsub                                    0x08007531   Thumb Code   234  faddsub_clz.o(x$fpl$fsub)
    _printf_fp_dec                           0x0800761b   Thumb Code     4  printf1.o(x$fpl$printf1)
    __fpl_return_NaN                         0x0800761f   Thumb Code   100  retnan.o(x$fpl$retnan)
    __ARM_scalbn                             0x08007683   Thumb Code    92  scalbn.o(x$fpl$scalbn)
    __fpl_cmpreturn                          0x080076df   Thumb Code    48  trapv.o(x$fpl$trapveneer)
    __I$use$fp                               0x0800770e   Number         0  usenofp.o(x$fpl$usenofp)
    hw                                       0x08007710   Data          12  inv_mpu.o(.constdata)
    reg                                      0x0800771c   Data          27  inv_mpu.o(.constdata)
    test                                     0x08007738   Data          40  inv_mpu.o(.constdata)
    __mathlib_zero                           0x08008440   Data           8  qnan.o(.constdata)
    Region$$Table$$Base                      0x0800852c   Number         0  anon$$obj.o(Region$$Table)
    Region$$Table$$Limit                     0x0800854c   Number         0  anon$$obj.o(Region$$Table)
    SystemCoreClock                          0x20000000   Data           4  system_stm32f10x.o(.data)
    AHBPrescTable                            0x20000004   Data          16  system_stm32f10x.o(.data)
    gyro                                     0x20000058   Data           6  mpu6050.o(.data)
    accel                                    0x2000005e   Data           6  mpu6050.o(.data)
    sensors                                  0x20000064   Data           2  mpu6050.o(.data)
    Yaw                                      0x20000068   Data           4  mpu6050.o(.data)
    Pitch                                    0x2000006c   Data           4  mpu6050.o(.data)
    Roll                                     0x20000070   Data           4  mpu6050.o(.data)
    q0                                       0x20000074   Data           4  mpu6050.o(.data)
    q1                                       0x20000078   Data           4  mpu6050.o(.data)
    q2                                       0x2000007c   Data           4  mpu6050.o(.data)
    q3                                       0x20000080   Data           4  mpu6050.o(.data)
    Gx_offset                                0x2000008e   Data           2  mpu6050.o(.data)
    Gy_offset                                0x20000090   Data           2  mpu6050.o(.data)
    Gz_offset                                0x20000092   Data           2  mpu6050.o(.data)
    __stdout                                 0x20000094   Data           4  usart.o(.data)
    buffer                                   0x200000a8   Data          14  mpu6050.o(.bss)
    MPU6050_FIFO                             0x200000b6   Data         132  mpu6050.o(.bss)
    __libspace_start                         0x2000013c   Data          96  libspace.o(.bss)
    __temporary_stack_top$libspace           0x2000019c   Data           0  libspace.o(.bss)



==============================================================================

Memory Map of the image

  Image Entry point : 0x08000131

  Load Region LR_IROM1 (Base: 0x08000000, Size: 0x00008600, Max: 0x00080000, ABSOLUTE)

    Execution Region ER_IROM1 (Base: 0x08000000, Size: 0x00008568, Max: 0x00080000, ABSOLUTE)

    Base Addr    Size         Type   Attr      Idx    E Section Name        Object

    0x08000000   0x00000130   Data   RO          208    RESET               startup_stm32f10x_hd.o
    0x08000130   0x00000008   Code   RO          468  * !!!main             c_w.l(__main.o)
    0x08000138   0x00000034   Code   RO          832    !!!scatter          c_w.l(__scatter.o)
    0x0800016c   0x0000001a   Code   RO          834    !!handler_copy      c_w.l(__scatter_copy.o)
    0x08000186   0x00000002   PAD
    0x08000188   0x0000001c   Code   RO          836    !!handler_zi        c_w.l(__scatter_zi.o)
    0x080001a4   0x00000000   Code   RO          461    .ARM.Collect$$_printf_percent$$00000000  c_w.l(_printf_percent.o)
    0x080001a4   0x00000006   Code   RO          460    .ARM.Collect$$_printf_percent$$00000003  c_w.l(_printf_f.o)
    0x080001aa   0x00000006   Code   RO          459    .ARM.Collect$$_printf_percent$$00000009  c_w.l(_printf_d.o)
    0x080001b0   0x00000004   Code   RO          547    .ARM.Collect$$_printf_percent$$00000017  c_w.l(_printf_percent_end.o)
    0x080001b4   0x00000002   Code   RO          699    .ARM.Collect$$libinit$$00000000  c_w.l(libinit.o)
    0x080001b6   0x00000000   Code   RO          701    .ARM.Collect$$libinit$$00000002  c_w.l(libinit2.o)
    0x080001b6   0x00000000   Code   RO          703    .ARM.Collect$$libinit$$00000004  c_w.l(libinit2.o)
    0x080001b6   0x00000000   Code   RO          706    .ARM.Collect$$libinit$$0000000A  c_w.l(libinit2.o)
    0x080001b6   0x00000000   Code   RO          708    .ARM.Collect$$libinit$$0000000C  c_w.l(libinit2.o)
    0x080001b6   0x00000000   Code   RO          710    .ARM.Collect$$libinit$$0000000E  c_w.l(libinit2.o)
    0x080001b6   0x00000006   Code   RO          711    .ARM.Collect$$libinit$$0000000F  c_w.l(libinit2.o)
    0x080001bc   0x00000000   Code   RO          713    .ARM.Collect$$libinit$$00000011  c_w.l(libinit2.o)
    0x080001bc   0x00000000   Code   RO          715    .ARM.Collect$$libinit$$00000013  c_w.l(libinit2.o)
    0x080001bc   0x00000000   Code   RO          717    .ARM.Collect$$libinit$$00000015  c_w.l(libinit2.o)
    0x080001bc   0x0000000a   Code   RO          718    .ARM.Collect$$libinit$$00000016  c_w.l(libinit2.o)
    0x080001c6   0x00000000   Code   RO          719    .ARM.Collect$$libinit$$00000017  c_w.l(libinit2.o)
    0x080001c6   0x00000000   Code   RO          721    .ARM.Collect$$libinit$$00000019  c_w.l(libinit2.o)
    0x080001c6   0x00000000   Code   RO          723    .ARM.Collect$$libinit$$0000001B  c_w.l(libinit2.o)
    0x080001c6   0x00000000   Code   RO          725    .ARM.Collect$$libinit$$0000001D  c_w.l(libinit2.o)
    0x080001c6   0x00000000   Code   RO          727    .ARM.Collect$$libinit$$0000001F  c_w.l(libinit2.o)
    0x080001c6   0x00000000   Code   RO          729    .ARM.Collect$$libinit$$00000021  c_w.l(libinit2.o)
    0x080001c6   0x00000000   Code   RO          731    .ARM.Collect$$libinit$$00000023  c_w.l(libinit2.o)
    0x080001c6   0x00000000   Code   RO          733    .ARM.Collect$$libinit$$00000025  c_w.l(libinit2.o)
    0x080001c6   0x00000000   Code   RO          737    .ARM.Collect$$libinit$$0000002C  c_w.l(libinit2.o)
    0x080001c6   0x00000000   Code   RO          739    .ARM.Collect$$libinit$$0000002E  c_w.l(libinit2.o)
    0x080001c6   0x00000000   Code   RO          741    .ARM.Collect$$libinit$$00000030  c_w.l(libinit2.o)
    0x080001c6   0x00000000   Code   RO          743    .ARM.Collect$$libinit$$00000032  c_w.l(libinit2.o)
    0x080001c6   0x00000002   Code   RO          744    .ARM.Collect$$libinit$$00000033  c_w.l(libinit2.o)
    0x080001c8   0x00000002   Code   RO          792    .ARM.Collect$$libshutdown$$00000000  c_w.l(libshutdown.o)
    0x080001ca   0x00000000   Code   RO          801    .ARM.Collect$$libshutdown$$00000002  c_w.l(libshutdown2.o)
    0x080001ca   0x00000000   Code   RO          803    .ARM.Collect$$libshutdown$$00000004  c_w.l(libshutdown2.o)
    0x080001ca   0x00000000   Code   RO          806    .ARM.Collect$$libshutdown$$00000007  c_w.l(libshutdown2.o)
    0x080001ca   0x00000000   Code   RO          809    .ARM.Collect$$libshutdown$$0000000A  c_w.l(libshutdown2.o)
    0x080001ca   0x00000000   Code   RO          811    .ARM.Collect$$libshutdown$$0000000C  c_w.l(libshutdown2.o)
    0x080001ca   0x00000000   Code   RO          814    .ARM.Collect$$libshutdown$$0000000F  c_w.l(libshutdown2.o)
    0x080001ca   0x00000002   Code   RO          815    .ARM.Collect$$libshutdown$$00000010  c_w.l(libshutdown2.o)
    0x080001cc   0x00000000   Code   RO          536    .ARM.Collect$$rtentry$$00000000  c_w.l(__rtentry.o)
    0x080001cc   0x00000000   Code   RO          605    .ARM.Collect$$rtentry$$00000002  c_w.l(__rtentry2.o)
    0x080001cc   0x00000006   Code   RO          617    .ARM.Collect$$rtentry$$00000004  c_w.l(__rtentry4.o)
    0x080001d2   0x00000000   Code   RO          607    .ARM.Collect$$rtentry$$00000009  c_w.l(__rtentry2.o)
    0x080001d2   0x00000004   Code   RO          608    .ARM.Collect$$rtentry$$0000000A  c_w.l(__rtentry2.o)
    0x080001d6   0x00000000   Code   RO          610    .ARM.Collect$$rtentry$$0000000C  c_w.l(__rtentry2.o)
    0x080001d6   0x00000008   Code   RO          611    .ARM.Collect$$rtentry$$0000000D  c_w.l(__rtentry2.o)
    0x080001de   0x00000002   Code   RO          749    .ARM.Collect$$rtexit$$00000000  c_w.l(rtexit.o)
    0x080001e0   0x00000000   Code   RO          762    .ARM.Collect$$rtexit$$00000002  c_w.l(rtexit2.o)
    0x080001e0   0x00000004   Code   RO          763    .ARM.Collect$$rtexit$$00000003  c_w.l(rtexit2.o)
    0x080001e4   0x00000006   Code   RO          764    .ARM.Collect$$rtexit$$00000004  c_w.l(rtexit2.o)
    0x080001ea   0x00000002   PAD
    0x080001ec   0x0000000c   Code   RO          378    .emb_text           sys.o
    0x080001f8   0x00000094   Code   RO            1    .text               main.o
    0x0800028c   0x0000001a   Code   RO          143    .text               stm32f10x_it.o
    0x080002a6   0x00000002   PAD
    0x080002a8   0x000001e0   Code   RO          169    .text               system_stm32f10x.o
    0x08000488   0x00000040   Code   RO          209    .text               startup_stm32f10x_hd.o
    0x080004c8   0x0000035c   Code   RO          225    .text               stm32f10x_gpio.o
    0x08000824   0x000003a4   Code   RO          237    .text               stm32f10x_rcc.o
    0x08000bc8   0x000000b0   Code   RO          287    .text               delay.o
    0x08000c78   0x00001e90   Code   RO          304    .text               inv_mpu.o
    0x08002b08   0x00000d70   Code   RO          328    .text               inv_mpu_dmp_motion_driver.o
    0x08003878   0x000004d2   Code   RO          343    .text               ioi2c.o
    0x08003d4a   0x00000002   PAD
    0x08003d4c   0x000008b4   Code   RO          358    .text               mpu6050.o
    0x08004600   0x000002bc   Code   RO          379    .text               sys.o
    0x080048bc   0x000000e4   Code   RO          397    .text               usart.o
    0x080049a0   0x00000002   Code   RO          427    .text               c_w.l(use_no_semi_2.o)
    0x080049a2   0x00000048   Code   RO          429    .text               c_w.l(llsdiv.o)
    0x080049ea   0x00000002   PAD
    0x080049ec   0x00000018   Code   RO          433    .text               c_w.l(noretval__2printf.o)
    0x08004a04   0x00000078   Code   RO          437    .text               c_w.l(_printf_dec.o)
    0x08004a7c   0x0000010e   Code   RO          447    .text               c_w.l(__printf_wp.o)
    0x08004b8a   0x00000058   Code   RO          462    .text               c_w.l(memcmp.o)
    0x08004be2   0x00000010   Code   RO          464    .text               c_w.l(aeabi_memset.o)
    0x08004bf2   0x00000006   Code   RO          466    .text               c_w.l(heapauxi.o)
    0x08004bf8   0x00000002   Code   RO          534    .text               c_w.l(use_no_semi.o)
    0x08004bfa   0x000000ee   Code   RO          537    .text               c_w.l(lludivv7m.o)
    0x08004ce8   0x00000016   Code   RO          539    .text               c_w.l(_rserrno.o)
    0x08004cfe   0x000000b2   Code   RO          541    .text               c_w.l(_printf_intcommon.o)
    0x08004db0   0x0000041a   Code   RO          543    .text               c_w.l(_printf_fp_dec.o)
    0x080051ca   0x00000002   PAD
    0x080051cc   0x00000024   Code   RO          545    .text               c_w.l(_printf_char_file.o)
    0x080051f0   0x00000044   Code   RO          548    .text               c_w.l(rt_memclr.o)
    0x08005234   0x00000008   Code   RO          626    .text               c_w.l(rt_locale_intlibspace.o)
    0x0800523c   0x00000008   Code   RO          631    .text               c_w.l(rt_errno_addr_intlibspace.o)
    0x08005244   0x0000008a   Code   RO          633    .text               c_w.l(lludiv10.o)
    0x080052ce   0x00000002   PAD
    0x080052d0   0x00000030   Code   RO          635    .text               c_w.l(_printf_char_common.o)
    0x08005300   0x00000080   Code   RO          637    .text               c_w.l(_printf_fp_infnan.o)
    0x08005380   0x000000dc   Code   RO          639    .text               c_w.l(bigflt0.o)
    0x0800545c   0x00000008   Code   RO          664    .text               c_w.l(ferror.o)
    0x08005464   0x0000004e   Code   RO          671    .text               c_w.l(rt_memclr_w.o)
    0x080054b2   0x00000002   PAD
    0x080054b4   0x00000008   Code   RO          681    .text               c_w.l(libspace.o)
    0x080054bc   0x0000004a   Code   RO          684    .text               c_w.l(sys_stackheap_outer.o)
    0x08005506   0x00000012   Code   RO          690    .text               c_w.l(exit.o)
    0x08005518   0x00000080   Code   RO          692    .text               c_w.l(strcmpv7m.o)
    0x08005598   0x0000003e   Code   RO          642    CL$$btod_d2e        c_w.l(btod.o)
    0x080055d6   0x00000046   Code   RO          644    CL$$btod_d2e_denorm_low  c_w.l(btod.o)
    0x0800561c   0x00000060   Code   RO          643    CL$$btod_d2e_norm_op1  c_w.l(btod.o)
    0x0800567c   0x00000338   Code   RO          652    CL$$btod_div_common  c_w.l(btod.o)
    0x080059b4   0x000000c6   Code   RO          649    CL$$btod_e2e        c_w.l(btod.o)
    0x08005a7a   0x00000028   Code   RO          646    CL$$btod_ediv       c_w.l(btod.o)
    0x08005aa2   0x00000028   Code   RO          645    CL$$btod_emul       c_w.l(btod.o)
    0x08005aca   0x00000244   Code   RO          651    CL$$btod_mult_common  c_w.l(btod.o)
    0x08005d0e   0x00000028   Code   RO          591    i.__ARM_fpclassify  m_ws.l(fpclassify.o)
    0x08005d36   0x000000aa   Code   RO          593    i.__kernel_poly     m_ws.l(poly.o)
    0x08005de0   0x00000006   Code   RO          578    i.__mathlib_dbl_infnan  m_ws.l(dunder.o)
    0x08005de6   0x00000004   Code   RO          579    i.__mathlib_dbl_infnan2  m_ws.l(dunder.o)
    0x08005dea   0x0000000c   Code   RO          580    i.__mathlib_dbl_invalid  m_ws.l(dunder.o)
    0x08005df6   0x00000002   PAD
    0x08005df8   0x00000010   Code   RO          583    i.__mathlib_dbl_underflow  m_ws.l(dunder.o)
    0x08005e08   0x0000000e   Code   RO          449    i._is_digit         c_w.l(__printf_wp.o)
    0x08005e16   0x00000002   PAD
    0x08005e18   0x00000270   Code   RO          517    i.asin              m_ws.l(asin.o)
    0x08006088   0x00000220   Code   RO          568    i.atan              m_ws.l(atan.o)
    0x080062a8   0x00000180   Code   RO          527    i.atan2             m_ws.l(atan2.o)
    0x08006428   0x0000004c   Code   RO          597    i.sqrt              m_ws.l(sqrt.o)
    0x08006474   0x0000002c   Code   RO          669    locale$$code        c_w.l(lc_numeric_c.o)
    0x080064a0   0x00000062   Code   RO          470    x$fpl$d2f           fz_ws.l(d2f.o)
    0x08006502   0x00000002   PAD
    0x08006504   0x00000150   Code   RO          472    x$fpl$dadd          fz_ws.l(daddsub_clz.o)
    0x08006654   0x00000010   Code   RO          673    x$fpl$dcheck1       fz_ws.l(dcheck1.o)
    0x08006664   0x000002b0   Code   RO          551    x$fpl$ddiv          fz_ws.l(ddiv.o)
    0x08006914   0x00000154   Code   RO          478    x$fpl$dmul          fz_ws.l(dmul.o)
    0x08006a68   0x0000009c   Code   RO          554    x$fpl$dnaninf       fz_ws.l(dnaninf.o)
    0x08006b04   0x0000000c   Code   RO          556    x$fpl$dretinf       fz_ws.l(dretinf.o)
    0x08006b10   0x00000016   Code   RO          473    x$fpl$drsb          fz_ws.l(daddsub_clz.o)
    0x08006b26   0x00000002   PAD
    0x08006b28   0x000001cc   Code   RO          677    x$fpl$dsqrt         fz_ws.l(dsqrt_noumaal.o)
    0x08006cf4   0x000001d4   Code   RO          474    x$fpl$dsub          fz_ws.l(daddsub_clz.o)
    0x08006ec8   0x00000056   Code   RO          480    x$fpl$f2d           fz_ws.l(f2d.o)
    0x08006f1e   0x00000002   PAD
    0x08006f20   0x000000c4   Code   RO          482    x$fpl$fadd          fz_ws.l(faddsub_clz.o)
    0x08006fe4   0x00000018   Code   RO          558    x$fpl$fcmpinf       fz_ws.l(fcmpi.o)
    0x08006ffc   0x00000184   Code   RO          489    x$fpl$fdiv          fz_ws.l(fdiv.o)
    0x08007180   0x00000068   Code   RO          492    x$fpl$feqf          fz_ws.l(feqf.o)
    0x080071e8   0x00000036   Code   RO          494    x$fpl$ffix          fz_ws.l(ffix.o)
    0x0800721e   0x00000002   PAD
    0x08007220   0x0000003e   Code   RO          498    x$fpl$ffixu         fz_ws.l(ffixu.o)
    0x0800725e   0x00000002   PAD
    0x08007260   0x00000030   Code   RO          503    x$fpl$fflt          fz_ws.l(fflt_clz.o)
    0x08007290   0x00000026   Code   RO          502    x$fpl$ffltu         fz_ws.l(fflt_clz.o)
    0x080072b6   0x00000002   PAD
    0x080072b8   0x00000068   Code   RO          508    x$fpl$fleqf         fz_ws.l(fleqf.o)
    0x08007320   0x00000102   Code   RO          510    x$fpl$fmul          fz_ws.l(fmul.o)
    0x08007422   0x0000008c   Code   RO          560    x$fpl$fnaninf       fz_ws.l(fnaninf.o)
    0x080074ae   0x0000000a   Code   RO          562    x$fpl$fretinf       fz_ws.l(fretinf.o)
    0x080074b8   0x00000062   Code   RO          512    x$fpl$frleqf        fz_ws.l(frleqf.o)
    0x0800751a   0x00000014   Code   RO          483    x$fpl$frsb          fz_ws.l(faddsub_clz.o)
    0x0800752e   0x00000002   PAD
    0x08007530   0x000000ea   Code   RO          484    x$fpl$fsub          fz_ws.l(faddsub_clz.o)
    0x0800761a   0x00000004   Code   RO          514    x$fpl$printf1       fz_ws.l(printf1.o)
    0x0800761e   0x00000064   Code   RO          747    x$fpl$retnan        fz_ws.l(retnan.o)
    0x08007682   0x0000005c   Code   RO          564    x$fpl$scalbn        fz_ws.l(scalbn.o)
    0x080076de   0x00000030   Code   RO          759    x$fpl$trapveneer    fz_ws.l(trapv.o)
    0x0800770e   0x00000000   Code   RO          566    x$fpl$usenofp       fz_ws.l(usenofp.o)
    0x0800770e   0x00000002   PAD
    0x08007710   0x00000050   Data   RO          305    .constdata          inv_mpu.o
    0x08007760   0x00000bf6   Data   RO          330    .constdata          inv_mpu_dmp_motion_driver.o
    0x08008356   0x00000002   PAD
    0x08008358   0x00000050   Data   RO          518    .constdata          m_ws.l(asin.o)
    0x080083a8   0x00000098   Data   RO          569    .constdata          m_ws.l(atan.o)
    0x08008440   0x00000008   Data   RO          595    .constdata          m_ws.l(qnan.o)
    0x08008448   0x00000094   Data   RO          640    .constdata          c_w.l(bigflt0.o)
    0x080084dc   0x0000004e   Data   RO          306    .conststring        inv_mpu.o
    0x0800852a   0x00000002   PAD
    0x0800852c   0x00000020   Data   RO          830    Region$$Table       anon$$obj.o
    0x0800854c   0x0000001c   Data   RO          668    locale$$data        c_w.l(lc_numeric_c.o)


    Execution Region RW_IRAM1 (Base: 0x20000000, Size: 0x000007a0, Max: 0x00010000, ABSOLUTE)

    Base Addr    Size         Type   Attr      Idx    E Section Name        Object

    0x20000000   0x00000014   Data   RW          170    .data               system_stm32f10x.o
    0x20000014   0x00000014   Data   RW          238    .data               stm32f10x_rcc.o
    0x20000028   0x00000004   Data   RW          288    .data               delay.o
    0x2000002c   0x0000002c   Data   RW          307    .data               inv_mpu.o
    0x20000058   0x0000003c   Data   RW          360    .data               mpu6050.o
    0x20000094   0x00000004   Data   RW          398    .data               usart.o
    0x20000098   0x00000010   Zero   RW          329    .bss                inv_mpu_dmp_motion_driver.o
    0x200000a8   0x00000092   Zero   RW          359    .bss                mpu6050.o
    0x2000013a   0x00000002   PAD
    0x2000013c   0x00000060   Zero   RW          682    .bss                c_w.l(libspace.o)
    0x2000019c   0x00000004   PAD
    0x200001a0   0x00000200   Zero   RW          207    HEAP                startup_stm32f10x_hd.o
    0x200003a0   0x00000400   Zero   RW          206    STACK               startup_stm32f10x_hd.o


==============================================================================

Image component sizes


      Code (inc. data)   RO Data    RW Data    ZI Data      Debug   Object Name

         0          0          0          0          0         32   core_cm3.o
       176          8          0          4          0       1015   delay.o
      7824        172        158         44          0      21519   inv_mpu.o
      3440        126       3062          0         16      15051   inv_mpu_dmp_motion_driver.o
      1234         12          0          0          0       5993   ioi2c.o
       148         46          0          0          0     225435   main.o
      2228        448          0         60        146       5651   mpu6050.o
        64         26        304          0       1536        792   startup_stm32f10x_hd.o
       860         38          0          0          0       5813   stm32f10x_gpio.o
        26          0          0          0          0       1194   stm32f10x_it.o
       932         36          0         20          0       9000   stm32f10x_rcc.o
       712         44          0          0          0       2791   sys.o
       480         38          0         20          0       2003   system_stm32f10x.o
       228         18          0          4          0       2718   usart.o

    ----------------------------------------------------------------------
     18356       1012       3560        152       1700     299007   Object Totals
         0          0         32          0          0          0   (incl. Generated)
         4          0          4          0          2          0   (incl. Padding)

    ----------------------------------------------------------------------

      Code (inc. data)   RO Data    RW Data    ZI Data      Debug   Library Member Name

         8          0          0          0          0         68   __main.o
       284          0          0          0          0        156   __printf_wp.o
         0          0          0          0          0          0   __rtentry.o
        12          0          0          0          0          0   __rtentry2.o
         6          0          0          0          0          0   __rtentry4.o
        52          8          0          0          0          0   __scatter.o
        26          0          0          0          0          0   __scatter_copy.o
        28          0          0          0          0          0   __scatter_zi.o
        48          6          0          0          0         96   _printf_char_common.o
        36          4          0          0          0         80   _printf_char_file.o
         6          0          0          0          0          0   _printf_d.o
       120         16          0          0          0         92   _printf_dec.o
         6          0          0          0          0          0   _printf_f.o
      1050          0          0          0          0        216   _printf_fp_dec.o
       128         16          0          0          0         84   _printf_fp_infnan.o
       178          0          0          0          0         88   _printf_intcommon.o
         0          0          0          0          0          0   _printf_percent.o
         4          0          0          0          0          0   _printf_percent_end.o
        22          0          0          0          0        100   _rserrno.o
        16          0          0          0          0         68   aeabi_memset.o
       220          4        148          0          0         96   bigflt0.o
      1910        128          0          0          0        672   btod.o
        18          0          0          0          0         80   exit.o
         8          0          0          0          0         68   ferror.o
         6          0          0          0          0        152   heapauxi.o
        44         10         28          0          0         76   lc_numeric_c.o
         2          0          0          0          0          0   libinit.o
        18          0          0          0          0          0   libinit2.o
         2          0          0          0          0          0   libshutdown.o
         2          0          0          0          0          0   libshutdown2.o
         8          4          0          0         96         68   libspace.o
        72          0          0          0          0         76   llsdiv.o
       138          0          0          0          0         80   lludiv10.o
       238          0          0          0          0        100   lludivv7m.o
        88          0          0          0          0         76   memcmp.o
        24          4          0          0          0         84   noretval__2printf.o
         8          4          0          0          0         68   rt_errno_addr_intlibspace.o
         8          4          0          0          0         68   rt_locale_intlibspace.o
        68          0          0          0          0         68   rt_memclr.o
        78          0          0          0          0         80   rt_memclr_w.o
         2          0          0          0          0          0   rtexit.o
        10          0          0          0          0          0   rtexit2.o
       128          0          0          0          0         68   strcmpv7m.o
        74          0          0          0          0         80   sys_stackheap_outer.o
         2          0          0          0          0         68   use_no_semi.o
         2          0          0          0          0         68   use_no_semi_2.o
        98          4          0          0          0         92   d2f.o
       826         16          0          0          0        348   daddsub_clz.o
        16          4          0          0          0         68   dcheck1.o
       688        140          0          0          0        208   ddiv.o
       340         12          0          0          0        104   dmul.o
       156          4          0          0          0         92   dnaninf.o
        12          0          0          0          0         68   dretinf.o
       460         56          0          0          0        120   dsqrt_noumaal.o
        86          4          0          0          0         84   f2d.o
       450          8          0          0          0        236   faddsub_clz.o
        24          0          0          0          0         68   fcmpi.o
       388         76          0          0          0         96   fdiv.o
       104          4          0          0          0         84   feqf.o
        54          4          0          0          0         84   ffix.o
        62          4          0          0          0         84   ffixu.o
        86          0          0          0          0        136   fflt_clz.o
       104          4          0          0          0         84   fleqf.o
       258          4          0          0          0         84   fmul.o
       140          4          0          0          0         84   fnaninf.o
        10          0          0          0          0         68   fretinf.o
        98          0          0          0          0         68   frleqf.o
         4          0          0          0          0         68   printf1.o
       100          0          0          0          0         68   retnan.o
        92          0          0          0          0         68   scalbn.o
        48          0          0          0          0         68   trapv.o
         0          0          0          0          0          0   usenofp.o
       624         52         80          0          0        168   asin.o
       544         70        152          0          0        124   atan.o
       384         38          0          0          0        144   atan2.o
        38          6          0          0          0        272   dunder.o
        40          0          0          0          0         68   fpclassify.o
       170          0          0          0          0         96   poly.o
         0          0          8          0          0          0   qnan.o
        76          0          0          0          0         84   sqrt.o

    ----------------------------------------------------------------------
     11820        722        416          0        100       6832   Library Totals
        32          0          0          0          4          0   (incl. Padding)

    ----------------------------------------------------------------------

      Code (inc. data)   RO Data    RW Data    ZI Data      Debug   Library Name

      5208        208        176          0         96       3244   c_w.l
      4704        348          0          0          0       2632   fz_ws.l
      1876        166        240          0          0        956   m_ws.l

    ----------------------------------------------------------------------
     11820        722        416          0        100       6832   Library Totals

    ----------------------------------------------------------------------

==============================================================================


      Code (inc. data)   RO Data    RW Data    ZI Data      Debug   

     30176       1734       3976        152       1800     300947   Grand Totals
     30176       1734       3976        152       1800     300947   ELF Image Totals
     30176       1734       3976        152          0          0   ROM Totals

==============================================================================

    Total RO  Size (Code + RO Data)                34152 (  33.35kB)
    Total RW  Size (RW Data + ZI Data)              1952 (   1.91kB)
    Total ROM Size (Code + RO Data + RW Data)      34304 (  33.50kB)

==============================================================================

