Component: ARM Compiler 5.06 update 3 (build 300) Tool: armlink [4d35c9]

==============================================================================

Section Cross References

    main.o(.text) refers to motor.o(.text) for Motor_Drive_Init
    main.o(.text) refers to encoder.o(.text) for Pwm_Catch_Init
    main.o(.text) refers to printf.o(.text) for printf_init
    main.o(.text) refers to stm32f10x_gpio.o(.text) for GPIO_SetBits
    main.o(.text) refers to timer.o(.text) for delay_ms
    system_stm32f10x.o(.text) refers to system_stm32f10x.o(.data) for SystemCoreClock
    startup_stm32f10x_hd.o(RESET) refers to startup_stm32f10x_hd.o(STACK) for __initial_sp
    startup_stm32f10x_hd.o(RESET) refers to startup_stm32f10x_hd.o(.text) for Reset_Handler
    startup_stm32f10x_hd.o(RESET) refers to stm32f10x_it.o(.text) for NMI_Handler
    startup_stm32f10x_hd.o(RESET) refers to timer.o(.text) for TIM3_IRQHandler
    startup_stm32f10x_hd.o(.text) refers to system_stm32f10x.o(.text) for SystemInit
    startup_stm32f10x_hd.o(.text) refers to entry.o(.ARM.Collect$$$$00000000) for __main
    stm32f10x_rcc.o(.text) refers to stm32f10x_rcc.o(.data) for APBAHBPrescTable
    stm32f10x_gpio.o(.text) refers to stm32f10x_rcc.o(.text) for RCC_APB2PeriphResetCmd
    stm32f10x_tim.o(.text) refers to stm32f10x_rcc.o(.text) for RCC_APB2PeriphResetCmd
    stm32f10x_usart.o(.text) refers to stm32f10x_rcc.o(.text) for RCC_APB2PeriphResetCmd
    motor.o(.text) refers to stm32f10x_rcc.o(.text) for RCC_APB2PeriphClockCmd
    motor.o(.text) refers to stm32f10x_gpio.o(.text) for GPIO_Init
    motor.o(.text) refers to stm32f10x_tim.o(.text) for TIM_TimeBaseInit
    encoder.o(.text) refers to stm32f10x_rcc.o(.text) for RCC_APB2PeriphClockCmd
    encoder.o(.text) refers to stm32f10x_gpio.o(.text) for GPIO_Init
    encoder.o(.text) refers to stm32f10x_tim.o(.text) for TIM_TimeBaseInit
    encoder.o(.text) refers to ffltui.o(.text) for __aeabi_ui2f
    encoder.o(.text) refers to fflti.o(.text) for __aeabi_i2f
    encoder.o(.text) refers to fdiv.o(.text) for __aeabi_fdiv
    encoder.o(.text) refers to fmul.o(.text) for __aeabi_fmul
    timer.o(.text) refers to stm32f10x_rcc.o(.text) for RCC_APB1PeriphClockCmd
    timer.o(.text) refers to stm32f10x_tim.o(.text) for TIM_TimeBaseInit
    timer.o(.text) refers to misc.o(.text) for NVIC_PriorityGroupConfig
    timer.o(.text) refers to timer.o(.data) for ms
    printf.o(.text) refers to stm32f10x_usart.o(.text) for USART_SendData
    printf.o(.text) refers to stm32f10x_rcc.o(.text) for RCC_APB2PeriphClockCmd
    printf.o(.text) refers to stm32f10x_gpio.o(.text) for GPIO_Init
    printf.o(.text) refers to misc.o(.text) for NVIC_PriorityGroupConfig
    entry.o(.ARM.Collect$$$$00000000) refers (Special) to entry10a.o(.ARM.Collect$$$$0000000D) for __rt_final_cpp
    entry.o(.ARM.Collect$$$$00000000) refers (Special) to entry11a.o(.ARM.Collect$$$$0000000F) for __rt_final_exit
    entry.o(.ARM.Collect$$$$00000000) refers (Special) to entry7b.o(.ARM.Collect$$$$00000008) for _main_clock
    entry.o(.ARM.Collect$$$$00000000) refers (Special) to entry8b.o(.ARM.Collect$$$$0000000A) for _main_cpp_init
    entry.o(.ARM.Collect$$$$00000000) refers (Special) to entry9a.o(.ARM.Collect$$$$0000000B) for _main_init
    entry.o(.ARM.Collect$$$$00000000) refers (Special) to entry5.o(.ARM.Collect$$$$00000004) for _main_scatterload
    entry.o(.ARM.Collect$$$$00000000) refers (Special) to entry2.o(.ARM.Collect$$$$00000001) for _main_stk
    fmul.o(.text) refers (Special) to iusefp.o(.text) for __I$use$fp
    fdiv.o(.text) refers (Special) to iusefp.o(.text) for __I$use$fp
    fdiv.o(.text) refers to fepilogue.o(.text) for _float_round
    fflti.o(.text) refers (Special) to iusefp.o(.text) for __I$use$fp
    fflti.o(.text) refers to fepilogue.o(.text) for _float_epilogue
    ffltui.o(.text) refers (Special) to iusefp.o(.text) for __I$use$fp
    ffltui.o(.text) refers to fepilogue.o(.text) for _float_epilogue
    entry2.o(.ARM.Collect$$$$00000001) refers to entry2.o(.ARM.Collect$$$$00002712) for __lit__00000000
    entry2.o(.ARM.Collect$$$$00002712) refers to startup_stm32f10x_hd.o(STACK) for __initial_sp
    entry2.o(__vectab_stack_and_reset_area) refers to startup_stm32f10x_hd.o(STACK) for __initial_sp
    entry2.o(__vectab_stack_and_reset_area) refers to entry.o(.ARM.Collect$$$$00000000) for __main
    entry5.o(.ARM.Collect$$$$00000004) refers to init.o(.text) for __scatterload
    entry9a.o(.ARM.Collect$$$$0000000B) refers to main.o(.text) for main
    entry9b.o(.ARM.Collect$$$$0000000C) refers to main.o(.text) for main
    init.o(.text) refers to entry5.o(.ARM.Collect$$$$00000004) for __main_after_scatterload


==============================================================================

Removing Unused input sections from the image.

    Removing core_cm3.o(.emb_text), (32 bytes).
    Removing startup_stm32f10x_hd.o(HEAP), (512 bytes).
    Removing printf.o(.data), (8 bytes).

3 unused section(s) (total 552 bytes) removed from the image.

==============================================================================

Image Symbol Table

    Local Symbols

    Symbol Name                              Value     Ov Type        Size  Object(Section)

    ../clib/microlib/init/entry.s            0x00000000   Number         0  entry11a.o ABSOLUTE
    ../clib/microlib/init/entry.s            0x00000000   Number         0  entry10b.o ABSOLUTE
    ../clib/microlib/init/entry.s            0x00000000   Number         0  entry10a.o ABSOLUTE
    ../clib/microlib/init/entry.s            0x00000000   Number         0  entry9b.o ABSOLUTE
    ../clib/microlib/init/entry.s            0x00000000   Number         0  entry9a.o ABSOLUTE
    ../clib/microlib/init/entry.s            0x00000000   Number         0  entry11b.o ABSOLUTE
    ../clib/microlib/init/entry.s            0x00000000   Number         0  entry8b.o ABSOLUTE
    ../clib/microlib/init/entry.s            0x00000000   Number         0  entry8a.o ABSOLUTE
    ../clib/microlib/init/entry.s            0x00000000   Number         0  entry.o ABSOLUTE
    ../clib/microlib/init/entry.s            0x00000000   Number         0  entry7b.o ABSOLUTE
    ../clib/microlib/init/entry.s            0x00000000   Number         0  entry7a.o ABSOLUTE
    ../clib/microlib/init/entry.s            0x00000000   Number         0  entry5.o ABSOLUTE
    ../clib/microlib/init/entry.s            0x00000000   Number         0  entry2.o ABSOLUTE
    ../clib/microlib/stubs.s                 0x00000000   Number         0  iusefp.o ABSOLUTE
    ../fplib/microlib/fpdiv.c                0x00000000   Number         0  fdiv.o ABSOLUTE
    ../fplib/microlib/fpepilogue.c           0x00000000   Number         0  fepilogue.o ABSOLUTE
    ../fplib/microlib/fpflt.c                0x00000000   Number         0  fflti.o ABSOLUTE
    ../fplib/microlib/fpflt.c                0x00000000   Number         0  ffltui.o ABSOLUTE
    ../fplib/microlib/fpmul.c                0x00000000   Number         0  fmul.o ABSOLUTE
    APP\MOTOR\encoder.c                      0x00000000   Number         0  encoder.o ABSOLUTE
    APP\MOTOR\motor.c                        0x00000000   Number         0  motor.o ABSOLUTE
    APP\MOTOR\timer.c                        0x00000000   Number         0  timer.o ABSOLUTE
    APP\USART1\printf.c                      0x00000000   Number         0  printf.o ABSOLUTE
    APP\VARIATE\variate.c                    0x00000000   Number         0  variate.o ABSOLUTE
    FWLib\src\misc.c                         0x00000000   Number         0  misc.o ABSOLUTE
    FWLib\src\stm32f10x_tim.c                0x00000000   Number         0  stm32f10x_tim.o ABSOLUTE
    FWLib\src\stm32f10x_usart.c              0x00000000   Number         0  stm32f10x_usart.o ABSOLUTE
    Libraries\CMSIS\CM3\CoreSupport\core_cm3.c 0x00000000   Number         0  core_cm3.o ABSOLUTE
    Libraries\CMSIS\CM3\DeviceSupport\ST\STM32F10x\system_stm32f10x.c 0x00000000   Number         0  system_stm32f10x.o ABSOLUTE
    Libraries\STM32F10x_StdPeriph_Driver\src\stm32f10x_gpio.c 0x00000000   Number         0  stm32f10x_gpio.o ABSOLUTE
    Libraries\STM32F10x_StdPeriph_Driver\src\stm32f10x_rcc.c 0x00000000   Number         0  stm32f10x_rcc.o ABSOLUTE
    Libraries\\CMSIS\\CM3\\CoreSupport\\core_cm3.c 0x00000000   Number         0  core_cm3.o ABSOLUTE
    dc.s                                     0x00000000   Number         0  dc.o ABSOLUTE
    handlers.s                               0x00000000   Number         0  handlers.o ABSOLUTE
    init.s                                   0x00000000   Number         0  init.o ABSOLUTE
    startup\startup_stm32f10x_hd.s           0x00000000   Number         0  startup_stm32f10x_hd.o ABSOLUTE
    user\main.c                              0x00000000   Number         0  main.o ABSOLUTE
    user\stm32f10x_it.c                      0x00000000   Number         0  stm32f10x_it.o ABSOLUTE
    RESET                                    0x08000000   Section      304  startup_stm32f10x_hd.o(RESET)
    .ARM.Collect$$$$00000000                 0x08000130   Section        0  entry.o(.ARM.Collect$$$$00000000)
    .ARM.Collect$$$$00000001                 0x08000130   Section        4  entry2.o(.ARM.Collect$$$$00000001)
    .ARM.Collect$$$$00000004                 0x08000134   Section        4  entry5.o(.ARM.Collect$$$$00000004)
    .ARM.Collect$$$$00000008                 0x08000138   Section        0  entry7b.o(.ARM.Collect$$$$00000008)
    .ARM.Collect$$$$0000000A                 0x08000138   Section        0  entry8b.o(.ARM.Collect$$$$0000000A)
    .ARM.Collect$$$$0000000B                 0x08000138   Section        8  entry9a.o(.ARM.Collect$$$$0000000B)
    .ARM.Collect$$$$0000000D                 0x08000140   Section        0  entry10a.o(.ARM.Collect$$$$0000000D)
    .ARM.Collect$$$$0000000F                 0x08000140   Section        0  entry11a.o(.ARM.Collect$$$$0000000F)
    .ARM.Collect$$$$00002712                 0x08000140   Section        4  entry2.o(.ARM.Collect$$$$00002712)
    __lit__00000000                          0x08000140   Data           4  entry2.o(.ARM.Collect$$$$00002712)
    .text                                    0x08000144   Section        0  main.o(.text)
    .text                                    0x08000188   Section        0  stm32f10x_it.o(.text)
    .text                                    0x080001a4   Section        0  system_stm32f10x.o(.text)
    SetSysClockTo72                          0x080001a5   Thumb Code   214  system_stm32f10x.o(.text)
    SetSysClock                              0x0800027b   Thumb Code     8  system_stm32f10x.o(.text)
    .text                                    0x08000384   Section       36  startup_stm32f10x_hd.o(.text)
    .text                                    0x080003a8   Section        0  misc.o(.text)
    .text                                    0x08000484   Section        0  stm32f10x_rcc.o(.text)
    .text                                    0x08000828   Section        0  stm32f10x_gpio.o(.text)
    .text                                    0x08000b84   Section        0  stm32f10x_tim.o(.text)
    TI4_Config                               0x0800102b   Thumb Code   130  stm32f10x_tim.o(.text)
    TI3_Config                               0x080010bf   Thumb Code   122  stm32f10x_tim.o(.text)
    TI2_Config                               0x08001153   Thumb Code   130  stm32f10x_tim.o(.text)
    TI1_Config                               0x080011e7   Thumb Code   108  stm32f10x_tim.o(.text)
    .text                                    0x080019a0   Section        0  stm32f10x_usart.o(.text)
    .text                                    0x08001da8   Section        0  motor.o(.text)
    .text                                    0x08001f1c   Section        0  encoder.o(.text)
    .text                                    0x080020c8   Section        0  timer.o(.text)
    .text                                    0x080021cc   Section        0  printf.o(.text)
    .text                                    0x080022a0   Section        0  fmul.o(.text)
    .text                                    0x08002304   Section        0  fdiv.o(.text)
    .text                                    0x08002380   Section        0  fflti.o(.text)
    .text                                    0x08002392   Section        0  ffltui.o(.text)
    .text                                    0x0800239c   Section        0  iusefp.o(.text)
    .text                                    0x0800239c   Section        0  fepilogue.o(.text)
    .text                                    0x0800240c   Section       36  init.o(.text)
    i.__scatterload_copy                     0x08002430   Section       14  handlers.o(i.__scatterload_copy)
    i.__scatterload_null                     0x0800243e   Section        2  handlers.o(i.__scatterload_null)
    i.__scatterload_zeroinit                 0x08002440   Section       14  handlers.o(i.__scatterload_zeroinit)
    .data                                    0x20000000   Section       20  system_stm32f10x.o(.data)
    .data                                    0x20000014   Section       20  stm32f10x_rcc.o(.data)
    APBAHBPrescTable                         0x20000014   Data          16  stm32f10x_rcc.o(.data)
    ADCPrescTable                            0x20000024   Data           4  stm32f10x_rcc.o(.data)
    .data                                    0x20000028   Section        4  timer.o(.data)
    STACK                                    0x20000030   Section     1024  startup_stm32f10x_hd.o(STACK)

    Global Symbols

    Symbol Name                              Value     Ov Type        Size  Object(Section)

    BuildAttributes$$THM_ISAv4$P$D$K$B$S$PE$A:L22UL41UL21$X:L11$S22US41US21$IEEE1$IW$USESV6$~STKCKD$USESV7$~SHL$OTIME$ROPI$EBA8$MICROLIB$REQ8$PRES8$EABIv2 0x00000000   Number         0  anon$$obj.o ABSOLUTE
    __ARM_use_no_argv                        0x00000000   Number         0  main.o ABSOLUTE
    __cpp_initialize__aeabi_                  - Undefined Weak Reference
    __cxa_finalize                            - Undefined Weak Reference
    __decompress                              - Undefined Weak Reference
    _clock_init                               - Undefined Weak Reference
    _microlib_exit                            - Undefined Weak Reference
    __Vectors_Size                           0x00000130   Number         0  startup_stm32f10x_hd.o ABSOLUTE
    __Vectors                                0x08000000   Data           4  startup_stm32f10x_hd.o(RESET)
    __Vectors_End                            0x08000130   Data           0  startup_stm32f10x_hd.o(RESET)
    __main                                   0x08000131   Thumb Code     0  entry.o(.ARM.Collect$$$$00000000)
    _main_stk                                0x08000131   Thumb Code     0  entry2.o(.ARM.Collect$$$$00000001)
    _main_scatterload                        0x08000135   Thumb Code     0  entry5.o(.ARM.Collect$$$$00000004)
    __main_after_scatterload                 0x08000139   Thumb Code     0  entry5.o(.ARM.Collect$$$$00000004)
    _main_clock                              0x08000139   Thumb Code     0  entry7b.o(.ARM.Collect$$$$00000008)
    _main_cpp_init                           0x08000139   Thumb Code     0  entry8b.o(.ARM.Collect$$$$0000000A)
    _main_init                               0x08000139   Thumb Code     0  entry9a.o(.ARM.Collect$$$$0000000B)
    __rt_final_cpp                           0x08000141   Thumb Code     0  entry10a.o(.ARM.Collect$$$$0000000D)
    __rt_final_exit                          0x08000141   Thumb Code     0  entry11a.o(.ARM.Collect$$$$0000000F)
    main                                     0x08000145   Thumb Code    62  main.o(.text)
    NMI_Handler                              0x08000189   Thumb Code     2  stm32f10x_it.o(.text)
    HardFault_Handler                        0x0800018b   Thumb Code     4  stm32f10x_it.o(.text)
    MemManage_Handler                        0x0800018f   Thumb Code     4  stm32f10x_it.o(.text)
    BusFault_Handler                         0x08000193   Thumb Code     4  stm32f10x_it.o(.text)
    UsageFault_Handler                       0x08000197   Thumb Code     4  stm32f10x_it.o(.text)
    SVC_Handler                              0x0800019b   Thumb Code     2  stm32f10x_it.o(.text)
    DebugMon_Handler                         0x0800019d   Thumb Code     2  stm32f10x_it.o(.text)
    PendSV_Handler                           0x0800019f   Thumb Code     2  stm32f10x_it.o(.text)
    SysTick_Handler                          0x080001a1   Thumb Code     2  stm32f10x_it.o(.text)
    SystemInit                               0x08000283   Thumb Code    78  system_stm32f10x.o(.text)
    SystemCoreClockUpdate                    0x080002d1   Thumb Code   142  system_stm32f10x.o(.text)
    Reset_Handler                            0x08000385   Thumb Code     8  startup_stm32f10x_hd.o(.text)
    ADC1_2_IRQHandler                        0x0800039f   Thumb Code     0  startup_stm32f10x_hd.o(.text)
    ADC3_IRQHandler                          0x0800039f   Thumb Code     0  startup_stm32f10x_hd.o(.text)
    CAN1_RX1_IRQHandler                      0x0800039f   Thumb Code     0  startup_stm32f10x_hd.o(.text)
    CAN1_SCE_IRQHandler                      0x0800039f   Thumb Code     0  startup_stm32f10x_hd.o(.text)
    DMA1_Channel1_IRQHandler                 0x0800039f   Thumb Code     0  startup_stm32f10x_hd.o(.text)
    DMA1_Channel2_IRQHandler                 0x0800039f   Thumb Code     0  startup_stm32f10x_hd.o(.text)
    DMA1_Channel3_IRQHandler                 0x0800039f   Thumb Code     0  startup_stm32f10x_hd.o(.text)
    DMA1_Channel4_IRQHandler                 0x0800039f   Thumb Code     0  startup_stm32f10x_hd.o(.text)
    DMA1_Channel5_IRQHandler                 0x0800039f   Thumb Code     0  startup_stm32f10x_hd.o(.text)
    DMA1_Channel6_IRQHandler                 0x0800039f   Thumb Code     0  startup_stm32f10x_hd.o(.text)
    DMA1_Channel7_IRQHandler                 0x0800039f   Thumb Code     0  startup_stm32f10x_hd.o(.text)
    DMA2_Channel1_IRQHandler                 0x0800039f   Thumb Code     0  startup_stm32f10x_hd.o(.text)
    DMA2_Channel2_IRQHandler                 0x0800039f   Thumb Code     0  startup_stm32f10x_hd.o(.text)
    DMA2_Channel3_IRQHandler                 0x0800039f   Thumb Code     0  startup_stm32f10x_hd.o(.text)
    DMA2_Channel4_5_IRQHandler               0x0800039f   Thumb Code     0  startup_stm32f10x_hd.o(.text)
    EXTI0_IRQHandler                         0x0800039f   Thumb Code     0  startup_stm32f10x_hd.o(.text)
    EXTI15_10_IRQHandler                     0x0800039f   Thumb Code     0  startup_stm32f10x_hd.o(.text)
    EXTI1_IRQHandler                         0x0800039f   Thumb Code     0  startup_stm32f10x_hd.o(.text)
    EXTI2_IRQHandler                         0x0800039f   Thumb Code     0  startup_stm32f10x_hd.o(.text)
    EXTI3_IRQHandler                         0x0800039f   Thumb Code     0  startup_stm32f10x_hd.o(.text)
    EXTI4_IRQHandler                         0x0800039f   Thumb Code     0  startup_stm32f10x_hd.o(.text)
    EXTI9_5_IRQHandler                       0x0800039f   Thumb Code     0  startup_stm32f10x_hd.o(.text)
    FLASH_IRQHandler                         0x0800039f   Thumb Code     0  startup_stm32f10x_hd.o(.text)
    FSMC_IRQHandler                          0x0800039f   Thumb Code     0  startup_stm32f10x_hd.o(.text)
    I2C1_ER_IRQHandler                       0x0800039f   Thumb Code     0  startup_stm32f10x_hd.o(.text)
    I2C1_EV_IRQHandler                       0x0800039f   Thumb Code     0  startup_stm32f10x_hd.o(.text)
    I2C2_ER_IRQHandler                       0x0800039f   Thumb Code     0  startup_stm32f10x_hd.o(.text)
    I2C2_EV_IRQHandler                       0x0800039f   Thumb Code     0  startup_stm32f10x_hd.o(.text)
    PVD_IRQHandler                           0x0800039f   Thumb Code     0  startup_stm32f10x_hd.o(.text)
    RCC_IRQHandler                           0x0800039f   Thumb Code     0  startup_stm32f10x_hd.o(.text)
    RTCAlarm_IRQHandler                      0x0800039f   Thumb Code     0  startup_stm32f10x_hd.o(.text)
    RTC_IRQHandler                           0x0800039f   Thumb Code     0  startup_stm32f10x_hd.o(.text)
    SDIO_IRQHandler                          0x0800039f   Thumb Code     0  startup_stm32f10x_hd.o(.text)
    SPI1_IRQHandler                          0x0800039f   Thumb Code     0  startup_stm32f10x_hd.o(.text)
    SPI2_IRQHandler                          0x0800039f   Thumb Code     0  startup_stm32f10x_hd.o(.text)
    SPI3_IRQHandler                          0x0800039f   Thumb Code     0  startup_stm32f10x_hd.o(.text)
    TAMPER_IRQHandler                        0x0800039f   Thumb Code     0  startup_stm32f10x_hd.o(.text)
    TIM1_BRK_IRQHandler                      0x0800039f   Thumb Code     0  startup_stm32f10x_hd.o(.text)
    TIM1_CC_IRQHandler                       0x0800039f   Thumb Code     0  startup_stm32f10x_hd.o(.text)
    TIM1_TRG_COM_IRQHandler                  0x0800039f   Thumb Code     0  startup_stm32f10x_hd.o(.text)
    TIM1_UP_IRQHandler                       0x0800039f   Thumb Code     0  startup_stm32f10x_hd.o(.text)
    TIM2_IRQHandler                          0x0800039f   Thumb Code     0  startup_stm32f10x_hd.o(.text)
    TIM4_IRQHandler                          0x0800039f   Thumb Code     0  startup_stm32f10x_hd.o(.text)
    TIM5_IRQHandler                          0x0800039f   Thumb Code     0  startup_stm32f10x_hd.o(.text)
    TIM6_IRQHandler                          0x0800039f   Thumb Code     0  startup_stm32f10x_hd.o(.text)
    TIM7_IRQHandler                          0x0800039f   Thumb Code     0  startup_stm32f10x_hd.o(.text)
    TIM8_BRK_IRQHandler                      0x0800039f   Thumb Code     0  startup_stm32f10x_hd.o(.text)
    TIM8_CC_IRQHandler                       0x0800039f   Thumb Code     0  startup_stm32f10x_hd.o(.text)
    TIM8_TRG_COM_IRQHandler                  0x0800039f   Thumb Code     0  startup_stm32f10x_hd.o(.text)
    TIM8_UP_IRQHandler                       0x0800039f   Thumb Code     0  startup_stm32f10x_hd.o(.text)
    UART4_IRQHandler                         0x0800039f   Thumb Code     0  startup_stm32f10x_hd.o(.text)
    UART5_IRQHandler                         0x0800039f   Thumb Code     0  startup_stm32f10x_hd.o(.text)
    USART1_IRQHandler                        0x0800039f   Thumb Code     0  startup_stm32f10x_hd.o(.text)
    USART2_IRQHandler                        0x0800039f   Thumb Code     0  startup_stm32f10x_hd.o(.text)
    USART3_IRQHandler                        0x0800039f   Thumb Code     0  startup_stm32f10x_hd.o(.text)
    USBWakeUp_IRQHandler                     0x0800039f   Thumb Code     0  startup_stm32f10x_hd.o(.text)
    USB_HP_CAN1_TX_IRQHandler                0x0800039f   Thumb Code     0  startup_stm32f10x_hd.o(.text)
    USB_LP_CAN1_RX0_IRQHandler               0x0800039f   Thumb Code     0  startup_stm32f10x_hd.o(.text)
    WWDG_IRQHandler                          0x0800039f   Thumb Code     0  startup_stm32f10x_hd.o(.text)
    NVIC_PriorityGroupConfig                 0x080003a9   Thumb Code    10  misc.o(.text)
    NVIC_Init                                0x080003b3   Thumb Code   100  misc.o(.text)
    NVIC_SetVectorTable                      0x08000417   Thumb Code    14  misc.o(.text)
    NVIC_SystemLPConfig                      0x08000425   Thumb Code    34  misc.o(.text)
    SysTick_CLKSourceConfig                  0x08000447   Thumb Code    40  misc.o(.text)
    RCC_DeInit                               0x08000485   Thumb Code    64  stm32f10x_rcc.o(.text)
    RCC_HSEConfig                            0x080004c5   Thumb Code    70  stm32f10x_rcc.o(.text)
    RCC_GetFlagStatus                        0x0800050b   Thumb Code    56  stm32f10x_rcc.o(.text)
    RCC_WaitForHSEStartUp                    0x08000543   Thumb Code    56  stm32f10x_rcc.o(.text)
    RCC_AdjustHSICalibrationValue            0x0800057b   Thumb Code    20  stm32f10x_rcc.o(.text)
    RCC_HSICmd                               0x0800058f   Thumb Code     6  stm32f10x_rcc.o(.text)
    RCC_PLLConfig                            0x08000595   Thumb Code    24  stm32f10x_rcc.o(.text)
    RCC_PLLCmd                               0x080005ad   Thumb Code     6  stm32f10x_rcc.o(.text)
    RCC_SYSCLKConfig                         0x080005b3   Thumb Code    18  stm32f10x_rcc.o(.text)
    RCC_GetSYSCLKSource                      0x080005c5   Thumb Code    10  stm32f10x_rcc.o(.text)
    RCC_HCLKConfig                           0x080005cf   Thumb Code    18  stm32f10x_rcc.o(.text)
    RCC_PCLK1Config                          0x080005e1   Thumb Code    18  stm32f10x_rcc.o(.text)
    RCC_PCLK2Config                          0x080005f3   Thumb Code    20  stm32f10x_rcc.o(.text)
    RCC_ITConfig                             0x08000607   Thumb Code    26  stm32f10x_rcc.o(.text)
    RCC_USBCLKConfig                         0x08000621   Thumb Code     8  stm32f10x_rcc.o(.text)
    RCC_ADCCLKConfig                         0x08000629   Thumb Code    18  stm32f10x_rcc.o(.text)
    RCC_LSEConfig                            0x0800063b   Thumb Code    50  stm32f10x_rcc.o(.text)
    RCC_LSICmd                               0x0800066d   Thumb Code     6  stm32f10x_rcc.o(.text)
    RCC_RTCCLKConfig                         0x08000673   Thumb Code    12  stm32f10x_rcc.o(.text)
    RCC_RTCCLKCmd                            0x0800067f   Thumb Code     8  stm32f10x_rcc.o(.text)
    RCC_GetClocksFreq                        0x08000687   Thumb Code   192  stm32f10x_rcc.o(.text)
    RCC_AHBPeriphClockCmd                    0x08000747   Thumb Code    26  stm32f10x_rcc.o(.text)
    RCC_APB2PeriphClockCmd                   0x08000761   Thumb Code    26  stm32f10x_rcc.o(.text)
    RCC_APB1PeriphClockCmd                   0x0800077b   Thumb Code    26  stm32f10x_rcc.o(.text)
    RCC_APB2PeriphResetCmd                   0x08000795   Thumb Code    26  stm32f10x_rcc.o(.text)
    RCC_APB1PeriphResetCmd                   0x080007af   Thumb Code    26  stm32f10x_rcc.o(.text)
    RCC_BackupResetCmd                       0x080007c9   Thumb Code     8  stm32f10x_rcc.o(.text)
    RCC_ClockSecuritySystemCmd               0x080007d1   Thumb Code     6  stm32f10x_rcc.o(.text)
    RCC_MCOConfig                            0x080007d7   Thumb Code     6  stm32f10x_rcc.o(.text)
    RCC_ClearFlag                            0x080007dd   Thumb Code    14  stm32f10x_rcc.o(.text)
    RCC_GetITStatus                          0x080007eb   Thumb Code    20  stm32f10x_rcc.o(.text)
    RCC_ClearITPendingBit                    0x080007ff   Thumb Code     6  stm32f10x_rcc.o(.text)
    GPIO_DeInit                              0x08000829   Thumb Code   172  stm32f10x_gpio.o(.text)
    GPIO_AFIODeInit                          0x080008d5   Thumb Code    20  stm32f10x_gpio.o(.text)
    GPIO_Init                                0x080008e9   Thumb Code   278  stm32f10x_gpio.o(.text)
    GPIO_StructInit                          0x080009ff   Thumb Code    16  stm32f10x_gpio.o(.text)
    GPIO_ReadInputDataBit                    0x08000a0f   Thumb Code    18  stm32f10x_gpio.o(.text)
    GPIO_ReadInputData                       0x08000a21   Thumb Code     8  stm32f10x_gpio.o(.text)
    GPIO_ReadOutputDataBit                   0x08000a29   Thumb Code    18  stm32f10x_gpio.o(.text)
    GPIO_ReadOutputData                      0x08000a3b   Thumb Code     8  stm32f10x_gpio.o(.text)
    GPIO_SetBits                             0x08000a43   Thumb Code     4  stm32f10x_gpio.o(.text)
    GPIO_ResetBits                           0x08000a47   Thumb Code     4  stm32f10x_gpio.o(.text)
    GPIO_WriteBit                            0x08000a4b   Thumb Code    10  stm32f10x_gpio.o(.text)
    GPIO_Write                               0x08000a55   Thumb Code     4  stm32f10x_gpio.o(.text)
    GPIO_PinLockConfig                       0x08000a59   Thumb Code    18  stm32f10x_gpio.o(.text)
    GPIO_EventOutputConfig                   0x08000a6b   Thumb Code    26  stm32f10x_gpio.o(.text)
    GPIO_EventOutputCmd                      0x08000a85   Thumb Code     6  stm32f10x_gpio.o(.text)
    GPIO_PinRemapConfig                      0x08000a8b   Thumb Code   138  stm32f10x_gpio.o(.text)
    GPIO_EXTILineConfig                      0x08000b15   Thumb Code    66  stm32f10x_gpio.o(.text)
    GPIO_ETH_MediaInterfaceConfig            0x08000b57   Thumb Code     8  stm32f10x_gpio.o(.text)
    TIM_DeInit                               0x08000b85   Thumb Code   424  stm32f10x_tim.o(.text)
    TIM_TimeBaseInit                         0x08000d2d   Thumb Code   122  stm32f10x_tim.o(.text)
    TIM_OC1Init                              0x08000da7   Thumb Code   132  stm32f10x_tim.o(.text)
    TIM_OC2Init                              0x08000e2b   Thumb Code   154  stm32f10x_tim.o(.text)
    TIM_OC3Init                              0x08000ec5   Thumb Code   150  stm32f10x_tim.o(.text)
    TIM_OC4Init                              0x08000f5b   Thumb Code   182  stm32f10x_tim.o(.text)
    TIM_SetIC4Prescaler                      0x08001011   Thumb Code    26  stm32f10x_tim.o(.text)
    TIM_SetIC3Prescaler                      0x080010ad   Thumb Code    18  stm32f10x_tim.o(.text)
    TIM_SetIC2Prescaler                      0x08001139   Thumb Code    26  stm32f10x_tim.o(.text)
    TIM_SetIC1Prescaler                      0x080011d5   Thumb Code    18  stm32f10x_tim.o(.text)
    TIM_ICInit                               0x08001253   Thumb Code   150  stm32f10x_tim.o(.text)
    TIM_PWMIConfig                           0x080012e9   Thumb Code   124  stm32f10x_tim.o(.text)
    TIM_BDTRConfig                           0x08001365   Thumb Code    32  stm32f10x_tim.o(.text)
    TIM_TimeBaseStructInit                   0x08001385   Thumb Code    18  stm32f10x_tim.o(.text)
    TIM_OCStructInit                         0x08001397   Thumb Code    20  stm32f10x_tim.o(.text)
    TIM_ICStructInit                         0x080013ab   Thumb Code    18  stm32f10x_tim.o(.text)
    TIM_BDTRStructInit                       0x080013bd   Thumb Code    40  stm32f10x_tim.o(.text)
    TIM_Cmd                                  0x080013e5   Thumb Code    24  stm32f10x_tim.o(.text)
    TIM_CtrlPWMOutputs                       0x080013fd   Thumb Code    30  stm32f10x_tim.o(.text)
    TIM_ITConfig                             0x0800141b   Thumb Code    18  stm32f10x_tim.o(.text)
    TIM_GenerateEvent                        0x0800142d   Thumb Code     4  stm32f10x_tim.o(.text)
    TIM_DMAConfig                            0x08001431   Thumb Code    10  stm32f10x_tim.o(.text)
    TIM_DMACmd                               0x0800143b   Thumb Code    18  stm32f10x_tim.o(.text)
    TIM_InternalClockConfig                  0x0800144d   Thumb Code    12  stm32f10x_tim.o(.text)
    TIM_SelectInputTrigger                   0x08001459   Thumb Code    18  stm32f10x_tim.o(.text)
    TIM_ITRxExternalClockConfig              0x0800146b   Thumb Code    24  stm32f10x_tim.o(.text)
    TIM_TIxExternalClockConfig               0x08001483   Thumb Code    62  stm32f10x_tim.o(.text)
    TIM_ETRConfig                            0x080014c1   Thumb Code    28  stm32f10x_tim.o(.text)
    TIM_ETRClockMode1Config                  0x080014dd   Thumb Code    54  stm32f10x_tim.o(.text)
    TIM_ETRClockMode2Config                  0x08001513   Thumb Code    32  stm32f10x_tim.o(.text)
    TIM_PrescalerConfig                      0x08001533   Thumb Code     6  stm32f10x_tim.o(.text)
    TIM_CounterModeConfig                    0x08001539   Thumb Code    18  stm32f10x_tim.o(.text)
    TIM_EncoderInterfaceConfig               0x0800154b   Thumb Code    66  stm32f10x_tim.o(.text)
    TIM_ForcedOC1Config                      0x0800158d   Thumb Code    18  stm32f10x_tim.o(.text)
    TIM_ForcedOC2Config                      0x0800159f   Thumb Code    26  stm32f10x_tim.o(.text)
    TIM_ForcedOC3Config                      0x080015b9   Thumb Code    18  stm32f10x_tim.o(.text)
    TIM_ForcedOC4Config                      0x080015cb   Thumb Code    26  stm32f10x_tim.o(.text)
    TIM_ARRPreloadConfig                     0x080015e5   Thumb Code    24  stm32f10x_tim.o(.text)
    TIM_SelectCOM                            0x080015fd   Thumb Code    24  stm32f10x_tim.o(.text)
    TIM_SelectCCDMA                          0x08001615   Thumb Code    24  stm32f10x_tim.o(.text)
    TIM_CCPreloadControl                     0x0800162d   Thumb Code    24  stm32f10x_tim.o(.text)
    TIM_OC1PreloadConfig                     0x08001645   Thumb Code    18  stm32f10x_tim.o(.text)
    TIM_OC2PreloadConfig                     0x08001657   Thumb Code    26  stm32f10x_tim.o(.text)
    TIM_OC3PreloadConfig                     0x08001671   Thumb Code    18  stm32f10x_tim.o(.text)
    TIM_OC4PreloadConfig                     0x08001683   Thumb Code    26  stm32f10x_tim.o(.text)
    TIM_OC1FastConfig                        0x0800169d   Thumb Code    18  stm32f10x_tim.o(.text)
    TIM_OC2FastConfig                        0x080016af   Thumb Code    26  stm32f10x_tim.o(.text)
    TIM_OC3FastConfig                        0x080016c9   Thumb Code    18  stm32f10x_tim.o(.text)
    TIM_OC4FastConfig                        0x080016db   Thumb Code    26  stm32f10x_tim.o(.text)
    TIM_ClearOC1Ref                          0x080016f5   Thumb Code    18  stm32f10x_tim.o(.text)
    TIM_ClearOC2Ref                          0x08001707   Thumb Code    24  stm32f10x_tim.o(.text)
    TIM_ClearOC3Ref                          0x0800171f   Thumb Code    18  stm32f10x_tim.o(.text)
    TIM_ClearOC4Ref                          0x08001731   Thumb Code    24  stm32f10x_tim.o(.text)
    TIM_OC1PolarityConfig                    0x08001749   Thumb Code    18  stm32f10x_tim.o(.text)
    TIM_OC1NPolarityConfig                   0x0800175b   Thumb Code    18  stm32f10x_tim.o(.text)
    TIM_OC2PolarityConfig                    0x0800176d   Thumb Code    26  stm32f10x_tim.o(.text)
    TIM_OC2NPolarityConfig                   0x08001787   Thumb Code    26  stm32f10x_tim.o(.text)
    TIM_OC3PolarityConfig                    0x080017a1   Thumb Code    26  stm32f10x_tim.o(.text)
    TIM_OC3NPolarityConfig                   0x080017bb   Thumb Code    26  stm32f10x_tim.o(.text)
    TIM_OC4PolarityConfig                    0x080017d5   Thumb Code    26  stm32f10x_tim.o(.text)
    TIM_CCxCmd                               0x080017ef   Thumb Code    30  stm32f10x_tim.o(.text)
    TIM_CCxNCmd                              0x0800180d   Thumb Code    30  stm32f10x_tim.o(.text)
    TIM_SelectOCxM                           0x0800182b   Thumb Code    82  stm32f10x_tim.o(.text)
    TIM_UpdateDisableConfig                  0x0800187d   Thumb Code    24  stm32f10x_tim.o(.text)
    TIM_UpdateRequestConfig                  0x08001895   Thumb Code    24  stm32f10x_tim.o(.text)
    TIM_SelectHallSensor                     0x080018ad   Thumb Code    24  stm32f10x_tim.o(.text)
    TIM_SelectOnePulseMode                   0x080018c5   Thumb Code    18  stm32f10x_tim.o(.text)
    TIM_SelectOutputTrigger                  0x080018d7   Thumb Code    18  stm32f10x_tim.o(.text)
    TIM_SelectSlaveMode                      0x080018e9   Thumb Code    18  stm32f10x_tim.o(.text)
    TIM_SelectMasterSlaveMode                0x080018fb   Thumb Code    18  stm32f10x_tim.o(.text)
    TIM_SetCounter                           0x0800190d   Thumb Code     4  stm32f10x_tim.o(.text)
    TIM_SetAutoreload                        0x08001911   Thumb Code     4  stm32f10x_tim.o(.text)
    TIM_SetCompare1                          0x08001915   Thumb Code     4  stm32f10x_tim.o(.text)
    TIM_SetCompare2                          0x08001919   Thumb Code     4  stm32f10x_tim.o(.text)
    TIM_SetCompare3                          0x0800191d   Thumb Code     4  stm32f10x_tim.o(.text)
    TIM_SetCompare4                          0x08001921   Thumb Code     6  stm32f10x_tim.o(.text)
    TIM_SetClockDivision                     0x08001927   Thumb Code    18  stm32f10x_tim.o(.text)
    TIM_GetCapture1                          0x08001939   Thumb Code     6  stm32f10x_tim.o(.text)
    TIM_GetCapture2                          0x0800193f   Thumb Code     6  stm32f10x_tim.o(.text)
    TIM_GetCapture3                          0x08001945   Thumb Code     6  stm32f10x_tim.o(.text)
    TIM_GetCapture4                          0x0800194b   Thumb Code     8  stm32f10x_tim.o(.text)
    TIM_GetCounter                           0x08001953   Thumb Code     6  stm32f10x_tim.o(.text)
    TIM_GetPrescaler                         0x08001959   Thumb Code     6  stm32f10x_tim.o(.text)
    TIM_GetFlagStatus                        0x0800195f   Thumb Code    18  stm32f10x_tim.o(.text)
    TIM_ClearFlag                            0x08001971   Thumb Code     6  stm32f10x_tim.o(.text)
    TIM_GetITStatus                          0x08001977   Thumb Code    34  stm32f10x_tim.o(.text)
    TIM_ClearITPendingBit                    0x08001999   Thumb Code     6  stm32f10x_tim.o(.text)
    USART_DeInit                             0x080019a1   Thumb Code   134  stm32f10x_usart.o(.text)
    USART_Init                               0x08001a27   Thumb Code   210  stm32f10x_usart.o(.text)
    USART_StructInit                         0x08001af9   Thumb Code    24  stm32f10x_usart.o(.text)
    USART_ClockInit                          0x08001b11   Thumb Code    34  stm32f10x_usart.o(.text)
    USART_ClockStructInit                    0x08001b33   Thumb Code    12  stm32f10x_usart.o(.text)
    USART_Cmd                                0x08001b3f   Thumb Code    24  stm32f10x_usart.o(.text)
    USART_ITConfig                           0x08001b57   Thumb Code    74  stm32f10x_usart.o(.text)
    USART_DMACmd                             0x08001ba1   Thumb Code    18  stm32f10x_usart.o(.text)
    USART_SetAddress                         0x08001bb3   Thumb Code    18  stm32f10x_usart.o(.text)
    USART_WakeUpConfig                       0x08001bc5   Thumb Code    18  stm32f10x_usart.o(.text)
    USART_ReceiverWakeUpCmd                  0x08001bd7   Thumb Code    24  stm32f10x_usart.o(.text)
    USART_LINBreakDetectLengthConfig         0x08001bef   Thumb Code    18  stm32f10x_usart.o(.text)
    USART_LINCmd                             0x08001c01   Thumb Code    24  stm32f10x_usart.o(.text)
    USART_SendData                           0x08001c19   Thumb Code     8  stm32f10x_usart.o(.text)
    USART_ReceiveData                        0x08001c21   Thumb Code    10  stm32f10x_usart.o(.text)
    USART_SendBreak                          0x08001c2b   Thumb Code    10  stm32f10x_usart.o(.text)
    USART_SetGuardTime                       0x08001c35   Thumb Code    16  stm32f10x_usart.o(.text)
    USART_SetPrescaler                       0x08001c45   Thumb Code    16  stm32f10x_usart.o(.text)
    USART_SmartCardCmd                       0x08001c55   Thumb Code    24  stm32f10x_usart.o(.text)
    USART_SmartCardNACKCmd                   0x08001c6d   Thumb Code    24  stm32f10x_usart.o(.text)
    USART_HalfDuplexCmd                      0x08001c85   Thumb Code    24  stm32f10x_usart.o(.text)
    USART_OverSampling8Cmd                   0x08001c9d   Thumb Code    22  stm32f10x_usart.o(.text)
    USART_OneBitMethodCmd                    0x08001cb3   Thumb Code    24  stm32f10x_usart.o(.text)
    USART_IrDAConfig                         0x08001ccb   Thumb Code    18  stm32f10x_usart.o(.text)
    USART_IrDACmd                            0x08001cdd   Thumb Code    24  stm32f10x_usart.o(.text)
    USART_GetFlagStatus                      0x08001cf5   Thumb Code    26  stm32f10x_usart.o(.text)
    USART_ClearFlag                          0x08001d0f   Thumb Code    18  stm32f10x_usart.o(.text)
    USART_GetITStatus                        0x08001d21   Thumb Code    84  stm32f10x_usart.o(.text)
    USART_ClearITPendingBit                  0x08001d75   Thumb Code    52  stm32f10x_usart.o(.text)
    Motor_Drive_Init                         0x08001da9   Thumb Code    50  motor.o(.text)
    PWM_Init                                 0x08001ddb   Thumb Code   162  motor.o(.text)
    Left_PWM                                 0x08001e7d   Thumb Code    14  motor.o(.text)
    Right_PWM                                0x08001e8b   Thumb Code    14  motor.o(.text)
    Left_mode_Ahead                          0x08001e99   Thumb Code    20  motor.o(.text)
    Left_mode_Back                           0x08001ead   Thumb Code    20  motor.o(.text)
    Left_mode_stop                           0x08001ec1   Thumb Code    20  motor.o(.text)
    Right_mode_Ahead                         0x08001ed5   Thumb Code    20  motor.o(.text)
    Right_mode_Back                          0x08001ee9   Thumb Code    20  motor.o(.text)
    Right_mode_stop                          0x08001efd   Thumb Code    20  motor.o(.text)
    Pwm_Catch_Init                           0x08001f1d   Thumb Code   282  encoder.o(.text)
    Get_Right_Speed                          0x08002037   Thumb Code    20  encoder.o(.text)
    Get_Left_Speed                           0x0800204b   Thumb Code    20  encoder.o(.text)
    Get_Speed                                0x0800205f   Thumb Code    90  encoder.o(.text)
    Delay_Us                                 0x080020c9   Thumb Code    24  timer.o(.text)
    delay_us                                 0x080020e1   Thumb Code    12  timer.o(.text)
    Delay_Ms                                 0x080020ed   Thumb Code    26  timer.o(.text)
    delay_ms                                 0x08002107   Thumb Code    12  timer.o(.text)
    TIM3_init                                0x08002113   Thumb Code    98  timer.o(.text)
    Time_Start                               0x08002175   Thumb Code    20  timer.o(.text)
    Time_End                                 0x08002189   Thumb Code    38  timer.o(.text)
    TIM3_IRQHandler                          0x080021af   Thumb Code    22  timer.o(.text)
    fputc                                    0x080021cd   Thumb Code    32  printf.o(.text)
    printf_init                              0x080021ed   Thumb Code   170  printf.o(.text)
    __aeabi_fmul                             0x080022a1   Thumb Code   100  fmul.o(.text)
    __aeabi_fdiv                             0x08002305   Thumb Code   124  fdiv.o(.text)
    __aeabi_i2f                              0x08002381   Thumb Code    18  fflti.o(.text)
    __aeabi_ui2f                             0x08002393   Thumb Code    10  ffltui.o(.text)
    __I$use$fp                               0x0800239d   Thumb Code     0  iusefp.o(.text)
    _float_round                             0x0800239d   Thumb Code    18  fepilogue.o(.text)
    _float_epilogue                          0x080023af   Thumb Code    92  fepilogue.o(.text)
    __scatterload                            0x0800240d   Thumb Code    28  init.o(.text)
    __scatterload_rt2                        0x0800240d   Thumb Code     0  init.o(.text)
    __scatterload_copy                       0x08002431   Thumb Code    14  handlers.o(i.__scatterload_copy)
    __scatterload_null                       0x0800243f   Thumb Code     2  handlers.o(i.__scatterload_null)
    __scatterload_zeroinit                   0x08002441   Thumb Code    14  handlers.o(i.__scatterload_zeroinit)
    Region$$Table$$Base                      0x08002450   Number         0  anon$$obj.o(Region$$Table)
    Region$$Table$$Limit                     0x08002470   Number         0  anon$$obj.o(Region$$Table)
    SystemCoreClock                          0x20000000   Data           4  system_stm32f10x.o(.data)
    AHBPrescTable                            0x20000004   Data          16  system_stm32f10x.o(.data)
    ms                                       0x20000028   Data           4  timer.o(.data)
    __initial_sp                             0x20000430   Data           0  startup_stm32f10x_hd.o(STACK)



==============================================================================

Memory Map of the image

  Image Entry point : 0x08000131

  Load Region LR_IROM1 (Base: 0x08000000, Size: 0x0000249c, Max: 0x00080000, ABSOLUTE)

    Execution Region ER_IROM1 (Base: 0x08000000, Size: 0x00002470, Max: 0x00080000, ABSOLUTE)

    Base Addr    Size         Type   Attr      Idx    E Section Name        Object

    0x08000000   0x00000130   Data   RO          186    RESET               startup_stm32f10x_hd.o
    0x08000130   0x00000000   Code   RO          325  * .ARM.Collect$$$$00000000  mc_w.l(entry.o)
    0x08000130   0x00000004   Code   RO          336    .ARM.Collect$$$$00000001  mc_w.l(entry2.o)
    0x08000134   0x00000004   Code   RO          339    .ARM.Collect$$$$00000004  mc_w.l(entry5.o)
    0x08000138   0x00000000   Code   RO          341    .ARM.Collect$$$$00000008  mc_w.l(entry7b.o)
    0x08000138   0x00000000   Code   RO          343    .ARM.Collect$$$$0000000A  mc_w.l(entry8b.o)
    0x08000138   0x00000008   Code   RO          344    .ARM.Collect$$$$0000000B  mc_w.l(entry9a.o)
    0x08000140   0x00000000   Code   RO          346    .ARM.Collect$$$$0000000D  mc_w.l(entry10a.o)
    0x08000140   0x00000000   Code   RO          348    .ARM.Collect$$$$0000000F  mc_w.l(entry11a.o)
    0x08000140   0x00000004   Code   RO          337    .ARM.Collect$$$$00002712  mc_w.l(entry2.o)
    0x08000144   0x00000044   Code   RO            1    .text               main.o
    0x08000188   0x0000001a   Code   RO          121    .text               stm32f10x_it.o
    0x080001a2   0x00000002   PAD
    0x080001a4   0x000001e0   Code   RO          147    .text               system_stm32f10x.o
    0x08000384   0x00000024   Code   RO          187    .text               startup_stm32f10x_hd.o
    0x080003a8   0x000000dc   Code   RO          191    .text               misc.o
    0x08000484   0x000003a4   Code   RO          203    .text               stm32f10x_rcc.o
    0x08000828   0x0000035c   Code   RO          217    .text               stm32f10x_gpio.o
    0x08000b84   0x00000e1a   Code   RO          229    .text               stm32f10x_tim.o
    0x0800199e   0x00000002   PAD
    0x080019a0   0x00000408   Code   RO          241    .text               stm32f10x_usart.o
    0x08001da8   0x00000174   Code   RO          253    .text               motor.o
    0x08001f1c   0x000001ac   Code   RO          268    .text               encoder.o
    0x080020c8   0x00000104   Code   RO          283    .text               timer.o
    0x080021cc   0x000000d4   Code   RO          304    .text               printf.o
    0x080022a0   0x00000064   Code   RO          328    .text               mf_w.l(fmul.o)
    0x08002304   0x0000007c   Code   RO          330    .text               mf_w.l(fdiv.o)
    0x08002380   0x00000012   Code   RO          332    .text               mf_w.l(fflti.o)
    0x08002392   0x0000000a   Code   RO          334    .text               mf_w.l(ffltui.o)
    0x0800239c   0x00000000   Code   RO          350    .text               mc_w.l(iusefp.o)
    0x0800239c   0x0000006e   Code   RO          351    .text               mf_w.l(fepilogue.o)
    0x0800240a   0x00000002   PAD
    0x0800240c   0x00000024   Code   RO          353    .text               mc_w.l(init.o)
    0x08002430   0x0000000e   Code   RO          357    i.__scatterload_copy  mc_w.l(handlers.o)
    0x0800243e   0x00000002   Code   RO          358    i.__scatterload_null  mc_w.l(handlers.o)
    0x08002440   0x0000000e   Code   RO          359    i.__scatterload_zeroinit  mc_w.l(handlers.o)
    0x0800244e   0x00000002   PAD
    0x08002450   0x00000020   Data   RO          355    Region$$Table       anon$$obj.o


    Execution Region RW_IRAM1 (Base: 0x20000000, Size: 0x00000430, Max: 0x00010000, ABSOLUTE)

    Base Addr    Size         Type   Attr      Idx    E Section Name        Object

    0x20000000   0x00000014   Data   RW          148    .data               system_stm32f10x.o
    0x20000014   0x00000014   Data   RW          204    .data               stm32f10x_rcc.o
    0x20000028   0x00000004   Data   RW          284    .data               timer.o
    0x2000002c   0x00000004   PAD
    0x20000030   0x00000400   Zero   RW          184    STACK               startup_stm32f10x_hd.o


==============================================================================

Image component sizes


      Code (inc. data)   RO Data    RW Data    ZI Data      Debug   Object Name

         0          0          0          0          0         32   core_cm3.o
       428         16          0          0          0       1398   encoder.o
        68          6          0          0          0     255055   main.o
       220         22          0          0          0       1769   misc.o
       372         12          0          0          0       1894   motor.o
       212         10          0          0          0        876   printf.o
        36          8        304          0       1024        784   startup_stm32f10x_hd.o
       860         38          0          0          0       5825   stm32f10x_gpio.o
        26          0          0          0          0       1202   stm32f10x_it.o
       932         36          0         20          0       9024   stm32f10x_rcc.o
      3610         88          0          0          0      22812   stm32f10x_tim.o
      1032         22          0          0          0       8428   stm32f10x_usart.o
       480         38          0         20          0       2015   system_stm32f10x.o
       260          8          0          4          0       1773   timer.o

    ----------------------------------------------------------------------
      8540        304        336         44       1028     312887   Object Totals
         0          0         32          0          0          0   (incl. Generated)
         4          0          0          0          4          0   (incl. Padding)

    ----------------------------------------------------------------------

      Code (inc. data)   RO Data    RW Data    ZI Data      Debug   Library Member Name

         0          0          0          0          0          0   entry.o
         0          0          0          0          0          0   entry10a.o
         0          0          0          0          0          0   entry11a.o
         8          4          0          0          0          0   entry2.o
         4          0          0          0          0          0   entry5.o
         0          0          0          0          0          0   entry7b.o
         0          0          0          0          0          0   entry8b.o
         8          4          0          0          0          0   entry9a.o
        30          0          0          0          0          0   handlers.o
        36          8          0          0          0         68   init.o
         0          0          0          0          0          0   iusefp.o
       124          0          0          0          0         88   fdiv.o
       110          0          0          0          0        168   fepilogue.o
        18          0          0          0          0         68   fflti.o
        10          0          0          0          0         68   ffltui.o
       100          0          0          0          0         76   fmul.o

    ----------------------------------------------------------------------
       452         16          0          0          0        536   Library Totals
         4          0          0          0          0          0   (incl. Padding)

    ----------------------------------------------------------------------

      Code (inc. data)   RO Data    RW Data    ZI Data      Debug   Library Name

        86         16          0          0          0         68   mc_w.l
       362          0          0          0          0        468   mf_w.l

    ----------------------------------------------------------------------
       452         16          0          0          0        536   Library Totals

    ----------------------------------------------------------------------

==============================================================================


      Code (inc. data)   RO Data    RW Data    ZI Data      Debug   

      8992        320        336         44       1028     312431   Grand Totals
      8992        320        336         44       1028     312431   ELF Image Totals
      8992        320        336         44          0          0   ROM Totals

==============================================================================

    Total RO  Size (Code + RO Data)                 9328 (   9.11kB)
    Total RW  Size (RW Data + ZI Data)              1072 (   1.05kB)
    Total ROM Size (Code + RO Data + RW Data)       9372 (   9.15kB)

==============================================================================

